******************************************************************************
                  TI ARM Linker PC v20.2.4                     
******************************************************************************
>> Linked Sun Jul 25 20:24:46 2021

OUTPUT FILE NAME:   <uartecho_CC3220S_LAUNCHXL_nortos_ccs.out>
ENTRY POINT SYMBOL: "resetISR"  address: 2000f299


MEMORY CONFIGURATION

         name            origin    length      used     unused   attr    fill
----------------------  --------  ---------  --------  --------  ----  --------
  SRAM2                 20000000   00004000  0000130c  00002cf4  RW X
  SRAM                  20004000   0003c000  0000c1d6  0002fe2a  RW X
  LOG_DATA              90000000   00040000  00000000  00040000  R   


SEGMENT ALLOCATION MAP

run origin  load origin   length   init length attrs members
----------  ----------- ---------- ----------- ----- -------
20003000    20003000    00001000   00000000    rw-
  20003000    20003000    00001000   00000000    rw- .stack
20004000    20004000    00000040   00000040    r--
  20004000    20004000    00000040   00000040    r-- .resetVecs
20004040    20004040    00008000   00000000    rw-
  20004040    20004040    00008000   00000000    rw- .sysmem
2000c040    2000c040    0000355c   0000355c    r-x
  2000c040    2000c040    0000355c   0000355c    r-x .text
2000f59c    2000f59c    000005ac   00000000    rw-
  2000f59c    2000f59c    000005ac   00000000    rw- .data
2000fb48    2000fb48    0000037a   0000037a    r--
  2000fb48    2000fb48    0000037a   0000037a    r-- .const
2000fec8    2000fec8    0000022c   00000000    rw-
  2000fec8    2000fec8    0000022c   00000000    rw- .bss
200100f8    200100f8    000000e8   000000e8    r--
  200100f8    200100f8    000000e8   000000e8    r-- .cinit


SECTION ALLOCATION MAP

 output                                  attributes/
section   page    origin      length       input sections
--------  ----  ----------  ----------   ----------------
.text      0    2000c040    0000355c     
                  2000c040    0000042c     driverlib.a : prcm.obj (.text:PRCMCC3200MCUInit)
                  2000c46c    00000288     drivers_cc32xx.a : UARTCC32XX.oem4 (.text:UARTCC32XX_open)
                  2000c6f4    000001e4                      : GPIOCC32XX.oem4 (.text:GPIO_setConfig)
                  2000c8d8    0000019c     nortos_cc32xx.a : PowerCC32XX_nortos.oem4 (.text:PowerCC32XX_sleepPolicy)
                  2000ca74    00000148     drivers_cc32xx.a : PowerCC32XX.oem4 (.text:parkPins)
                  2000cbbc    00000138                      : PowerCC32XX.oem4 (.text:Power_sleep)
                  2000ccf4    00000120                      : UARTCC32XX.oem4 (.text:UARTCC32XX_close)
                  2000ce14    00000100     rtsv7M4_T_le_eabi.lib : memory.c.obj (.text:aligned_alloc)
                  2000cf14    000000f2     drivers_cc32xx.a : UARTCC32XX.oem4 (.text:UARTCC32XX_control)
                  2000d006    00000002     ti_drivers_config.obj (.text:Board_initHook)
                  2000d008    000000e4     rtsv7M4_T_le_eabi.lib : memory.c.obj (.text:free)
                  2000d0ec    000000ca     drivers_cc32xx.a : UARTCC32XX.oem4 (.text:UARTCC32XX_write)
                  2000d1b6    00000002     nortos_cc32xx.a : PowerCC32XX_nortos.oem4 (.text:PowerCC32XX_initPolicy)
                  2000d1b8    000000c4     drivers_cc32xx.a : GPIOCC32XX.oem4 (.text:GPIO_init)
                  2000d27c    000000c0     uartecho.obj (.text:mainThread)
                  2000d33c    000000c0     drivers_cc32xx.a : PowerCC32XX.oem4 (.text:restoreParkedPins)
                  2000d3fc    000000ba                      : UARTCC32XX.oem4 (.text:UARTCC32XX_readPolling)
                  2000d4b6    00000002                      : UARTCC32XX.oem4 (.text:UARTCC32XX_init)
                  2000d4b8    000000b8                      : UARTCC32XX.oem4 (.text:initHw)
                  2000d570    000000b6                      : UARTCC32XX.oem4 (.text:readTaskCallback)
                  2000d626    000000b0                      : UARTCC32XX.oem4 (.text:readTaskBlocking)
                  2000d6d6    000000ae                      : UARTCC32XX.oem4 (.text:readIsrTextBlocking)
                  2000d784    000000a8     driverlib.a : interrupt.obj (.text:IntEnable)
                  2000d82c    000000a8     drivers_cc32xx.a : PowerCC32XX.oem4 (.text:PowerCC32XX_configureWakeup)
                  2000d8d4    000000a2                      : UARTCC32XX.oem4 (.text:readIsrTextCallback)
                  2000d976    000000a2                      : UARTCC32XX.oem4 (.text:writeData)
                  2000da18    000000a0     nortos_cc32xx.a : SemaphoreP_nortos.oem4 (.text:SemaphoreP_pend)
                  2000dab8    0000009c     rtsv7M4_T_le_eabi.lib : memcpy_t2.asm.obj (.text)
                  2000db54    00000098     drivers_cc32xx.a : GPIOCC32XX.oem4 (.text:powerNotifyFxn)
                  2000dbec    00000096     rtsv7M4_T_le_eabi.lib : ull_div_t2.asm.obj (.text)
                  2000dc82    00000002                           : _lock.c.obj (.text:_nop)
                  2000dc84    00000090     drivers_cc32xx.a : PowerCC32XX.oem4 (.text:restoreNVICRegs)
                  2000dd14    0000008c     nortos_cc32xx.a : HwiPCC32XX_nortos.oem4 (.text:HwiP_construct)
                  2000dda0    00000088     driverlib.a : interrupt.obj (.text:IntPendSet)
                  2000de28    00000088                 : pin.obj (.text:PinConfigSet)
                  2000deb0    00000084     drivers_cc32xx.a : PowerCC32XX.oem4 (.text:Power_init)
                  2000df34    00000084                      : PowerCC32XX.oem4 (.text:saveNVICRegs)
                  2000dfb8    00000080                      : PowerCC32XX.oem4 (.text:Power_setDependency)
                  2000e038    0000007c                      : UARTCC32XX.oem4 (.text:readIsrBinaryBlocking)
                  2000e0b4    00000078                      : GPIOCC32XX.oem4 (.text:GPIO_hwiIntFxn)
                  2000e12c    00000078                      : UARTCC32XX.oem4 (.text:readIsrBinaryCallback)
                  2000e1a4    00000074                      : UARTCC32XX.oem4 (.text:UARTCC32XX_hwiIntFxn)
                  2000e218    00000070     rtsv7M4_T_le_eabi.lib : memory.c.obj (.text:split)
                  2000e288    00000068                           : copy_decompress_lzss.c.obj (.text:decompress:lzss:__TI_decompress_lzss)
                  2000e2f0    00000066     drivers_cc32xx.a : UARTCC32XX.oem4 (.text:UARTCC32XX_writeCancel)
                  2000e356    00000002     nortos_cc32xx.a : startup_cc32xx_ccs.oem4 (.text:busFaultHandler)
                  2000e358    00000064     drivers_cc32xx.a : PowerCC32XX.oem4 (.text:PowerCC32XX_setParkState)
                  2000e3bc    00000062                      : UARTCC32XX.oem4 (.text:UARTCC32XX_writePolling)
                  2000e41e    00000002     nortos_cc32xx.a : SemaphoreP_nortos.oem4 (.text:clkFxn)
                  2000e420    00000060     driverlib.a : prcm.obj (.text:PRCMSysResetCauseGet)
                  2000e480    0000005c     drivers_cc32xx.a : GPIOCC32XX.oem4 (.text:GPIO_setCallback)
                  2000e4dc    0000005c     nortos_cc32xx.a : ClockPSysTick_nortos.oem4 (.text:sysTickInit)
                  2000e538    00000058     drivers_cc32xx.a : GPIOCC32XX.oem4 (.text:GPIO_write)
                  2000e590    00000058     driverlib.a : prcm.obj (.text:PRCMPeripheralReset)
                  2000e5e8    00000058     drivers_cc32xx.a : PowerCC32XX.oem4 (.text:Power_releaseDependency)
                  2000e640    00000054                      : UARTCC32XX.oem4 (.text:ringBufGet)
                  2000e694    00000052                      : PowerCC32XX_asm.oem4 (.text:PowerCC32XX_resumeLPDS)
                  2000e6e6    00000002     nortos_cc32xx.a : startup_cc32xx_ccs.oem4 (.text:defaultHandler)
                  2000e6e8    00000050                     : ClockPSysTick_nortos.oem4 (.text:ClockP_sysTickHandler)
                  2000e738    00000050                     : SemaphoreP_nortos.oem4 (.text:SemaphoreP_construct)
                  2000e788    0000004c     drivers_cc32xx.a : GPIOCC32XX.oem4 (.text:GPIO_enableInt)
                  2000e7d4    0000004c                      : PowerCC32XX.oem4 (.text:PowerCC32XX_parkPin)
                  2000e820    0000004c                      : PowerCC32XX.oem4 (.text:restorePeriphClocks)
                  2000e86c    00000048     driverlib.a : flash.obj (.text:FlashDisable)
                  2000e8b4    00000048                 : prcm.obj (.text:PRCMLPDSEnter)
                  2000e8fc    00000048                 : prcm.obj (.text:PRCMPeripheralClkEnable)
                  2000e944    00000048     drivers_cc32xx.a : PowerCC32XX.oem4 (.text:Power_releaseConstraint)
                  2000e98c    00000046                      : RingBuf.oem4 (.text:RingBuf_put)
                  2000e9d2    00000002     nortos_cc32xx.a : startup_cc32xx_ccs.oem4 (.text:faultISR)
                  2000e9d4    00000044                     : ClockPSysTick_nortos.oem4 (.text:ClockP_stop)
                  2000ea18    00000044     driverlib.a : prcm.obj (.text:PRCMLPDSRestoreInfoSet)
                  2000ea5c    00000044     drivers_cc32xx.a : PowerCC32XX_asm.oem4 (.text:PowerCC32XX_enterLPDS)
                  2000eaa0    00000044     nortos_cc32xx.a : SemaphoreP_nortos.oem4 (.text:SemaphoreP_post)
                  2000eae4    00000044                     : SwiP_nortos.oem4 (.text:SwiP_restore)
                  2000eb28    00000044     drivers_cc32xx.a : UART.oem4 (.text:UART_init)
                  2000eb6c    00000044     rtsv7M4_T_le_eabi.lib : autoinit.c.obj (.text:__TI_auto_init_nobinit_nopinit:__TI_auto_init_nobinit_nopinit)
                  2000ebb0    00000040     nortos_cc32xx.a : ClockPSysTick_nortos.oem4 (.text:ClockP_construct)
                  2000ebf0    00000040     driverlib.a : pin.obj (.text:PinModeSet)
                  2000ec30    00000040     drivers_cc32xx.a : RingBuf.oem4 (.text:RingBuf_get)
                  2000ec70    00000040                      : UARTCC32XX.oem4 (.text:UARTCC32XX_read)
                  2000ecb0    00000040                      : UART.oem4 (.text:UART_open)
                  2000ecf0    0000003c     nortos_cc32xx.a : ClockPSysTick_nortos.oem4 (.text:ClockP_destruct)
                  2000ed2c    0000003c     drivers_cc32xx.a : PowerCC32XX.oem4 (.text:Power_setConstraint)
                  2000ed68    0000003a     nortos_cc32xx.a : PowerCC32XX_nortos.oem4 (.text:getCountsRTC)
                  2000eda2    00000002                     : startup_cc32xx_ccs.oem4 (.text:nmiISR)
                  2000eda4    00000038     driverlib.a : prcm.obj (.text:PRCMLPDSEnterKeepDebugIf)
                  2000eddc    00000038     nortos_cc32xx.a : ClockPSysTick_nortos.oem4 (.text:addToList)
                  2000ee14    00000038                     : startup_cc32xx_ccs.oem4 (.text:initVectors)
                  2000ee4c    00000038     drivers_cc32xx.a : PowerCC32XX.oem4 (.text:notify)
                  2000ee84    00000036                      : UARTCC32XX.oem4 (.text:UARTCC32XX_readCancel)
                  2000eeba    00000002     rtsv7M4_T_le_eabi.lib : div0.asm.obj (.text)
                  2000eebc    00000034     nortos_cc32xx.a : ClockPSysTick_nortos.oem4 (.text:ClockP_getTicksUntilInterrupt)
                  2000eef0    00000034                     : ClockPSysTick_nortos.oem4 (.text:ClockP_startup)
                  2000ef24    00000034     driverlib.a : pin.obj (.text:PinModeGet)
                  2000ef58    00000034     drivers_cc32xx.a : PowerCC32XX.oem4 (.text:PowerCC32XX_restoreParkState)
                  2000ef8c    00000030     nortos_cc32xx.a : ClockPSysTick_nortos.oem4 (.text:ClockP_start)
                  2000efbc    00000030     drivers_cc32xx.a : PowerCC32XX.oem4 (.text:PowerCC32XX_restoreParkedPin)
                  2000efec    0000002c                      : PowerCC32XX.oem4 (.text:PowerCC32XX_getParkState)
                  2000f018    0000002a     nortos_cc32xx.a : HwiPCC32XX_nortos.oem4 (.text:HwiP_create)
                  2000f042    00000002     --HOLE-- [fill = 0]
                  2000f044    00000028     driverlib.a : prcm.obj (.text:PRCMPeripheralClkDisable)
                  2000f06c    00000028     drivers_cc32xx.a : PowerCC32XX.oem4 (.text:Power_registerNotify)
                  2000f094    00000028     rtsv7M4_T_le_eabi.lib : memory.c.obj (.text:free_list_insert)
                  2000f0bc    00000026     drivers_cc32xx.a : List.oem4 (.text:List_put)
                  2000f0e2    00000026                      : List.oem4 (.text:List_remove)
                  2000f108    00000024     nortos_cc32xx.a : HwiPCC32XX_nortos.oem4 (.text:HwiP_dispatch)
                  2000f12c    00000024     drivers_cc32xx.a : PowerCC32XX.oem4 (.text:PowerCC32XX_reset)
                  2000f150    00000024     rtsv7M4_T_le_eabi.lib : boot_cortex_m.c.obj (.text:_c_int00_noargs:_c_int00_noargs)
                  2000f174    00000020     nortos_cc32xx.a : HwiPCC32XX_nortos.oem4 (.text:HwiP_destruct)
                  2000f194    00000020     drivers_cc32xx.a : PowerCC32XX.oem4 (.text:Power_unregisterNotify)
                  2000f1b4    00000020                      : RingBuf.oem4 (.text:RingBuf_peek)
                  2000f1d4    00000020                      : UARTCC32XX.oem4 (.text:getPowerMgrId)
                  2000f1f4    0000001c     driverlib.a : pin.obj (.text:PinToPadGet)
                  2000f210    0000001c     nortos_cc32xx.a : SwiP_nortos.oem4 (.text:SwiP_disable)
                  2000f22c    0000001c     rtsv7M4_T_le_eabi.lib : copy_zero_init.c.obj (.text:decompress:ZI:__TI_zero_init_nomemset:__TI_zero_init_nomemset)
                  2000f248    0000001c                           : memory.c.obj (.text:free_list_remove)
                  2000f264    0000001a     nortos_cc32xx.a : ClockPSysTick_nortos.oem4 (.text:ClockP_create)
                  2000f27e    0000001a                     : SemaphoreP_nortos.oem4 (.text:SemaphoreP_createBinary)
                  2000f298    0000001a                     : startup_cc32xx_ccs.oem4 (.text:resetISR)
                  2000f2b2    00000002     --HOLE-- [fill = 0]
                  2000f2b4    00000018     drivers_cc32xx.a : PowerCC32XX.oem4 (.text:Power_getTransitionLatency)
                  2000f2cc    00000018                      : PowerCC32XX.oem4 (.text:Power_idleFunc)
                  2000f2e4    00000018     driverlib.a : uart.obj (.text:UARTBusy)
                  2000f2fc    00000018                 : uart.obj (.text:UARTIntEnable)
                  2000f314    00000018     drivers_cc32xx.a : UART.oem4 (.text:UART_Params_init)
                  2000f32c    00000018     rtsv7M4_T_le_eabi.lib : ll_mul_t2.asm.obj (.text)
                  2000f344    00000016     driverlib.a : prcm.obj (.text:PRCMHIBRegRead)
                  2000f35a    00000016                 : prcm.obj (.text:PRCMHIBRegWrite)
                  2000f370    00000016     nortos_cc32xx.a : SemaphoreP_nortos.oem4 (.text:SemaphoreP_create)
                  2000f386    00000014     driverlib.a : cpu.obj (.text:CPUcpsid)
                  2000f39a    00000002     --HOLE-- [fill = 0]
                  2000f39c    00000014     nortos_cc32xx.a : HwiPCC32XX_nortos.oem4 (.text:HwiP_inISR)
                  2000f3b0    00000014     driverlib.a : interrupt.obj (.text:IntVTableBaseSet)
                  2000f3c4    00000014     drivers_cc32xx.a : PowerCC32XX.oem4 (.text:Power_disablePolicy)
                  2000f3d8    00000014                      : PowerCC32XX.oem4 (.text:Power_getDependencyCount)
                  2000f3ec    00000014                      : UARTCC32XX.oem4 (.text:releasePowerConstraint)
                  2000f400    00000012     nortos_cc32xx.a : HwiPCC32XX_nortos.oem4 (.text:HwiP_Params_init)
                  2000f412    00000012     drivers_cc32xx.a : RingBuf.oem4 (.text:RingBuf_construct)
                  2000f424    00000012     main_nortos.obj (.text:main)
                  2000f436    00000010     ti_drivers_config.obj (.text:Board_init)
                  2000f446    00000010     nortos_cc32xx.a : ClockPSysTick_nortos.oem4 (.text:ClockP_add)
                  2000f456    00000010                     : ClockPSysTick_nortos.oem4 (.text:ClockP_delete)
                  2000f466    00000002     --HOLE-- [fill = 0]
                  2000f468    00000010                     : ClockPSysTick_nortos.oem4 (.text:ClockP_getCpuFreq)
                  2000f478    00000010                     : ClockPSysTick_nortos.oem4 (.text:ClockP_getSystemTicks)
                  2000f488    00000010                     : ClockPSysTick_nortos.oem4 (.text:ClockP_setTicks)
                  2000f498    00000010                     : HwiPCC32XX_nortos.oem4 (.text:HwiP_delete)
                  2000f4a8    00000010                     : HwiPCC32XX_nortos.oem4 (.text:HwiP_restore)
                  2000f4b8    00000010     drivers_cc32xx.a : PowerCC32XX.oem4 (.text:Power_enablePolicy)
                  2000f4c8    00000010     nortos_cc32xx.a : SemaphoreP_nortos.oem4 (.text:SemaphoreP_Params_init)
                  2000f4d8    00000010     drivers_cc32xx.a : UARTCC32XX.oem4 (.text:readBlockingTimeout)
                  2000f4e8    0000000e     nortos_cc32xx.a : HwiPCC32XX_nortos.oem4 (.text:HwiP_disable)
                  2000f4f6    0000000e                     : HwiPCC32XX_nortos.oem4 (.text:HwiP_enable)
                  2000f504    0000000e     drivers_cc32xx.a : RingBuf.oem4 (.text:RingBuf_isFull)
                  2000f512    0000000e     rtsv7M4_T_le_eabi.lib : copy_decompress_none.c.obj (.text:decompress:none:__TI_decompress_none)
                  2000f520    0000000c     drivers_cc32xx.a : PowerCC32XX.oem4 (.text:Power_getConstraintMask)
                  2000f52c    0000000c                      : UARTCC32XX.oem4 (.text:postNotifyFxn)
                  2000f538    0000000a     nortos_cc32xx.a : ClockPSysTick_nortos.oem4 (.text:ClockP_Params_init)
                  2000f542    0000000a                     : ClockPSysTick_nortos.oem4 (.text:ClockP_isActive)
                  2000f54c    0000000a     driverlib.a : interrupt.obj (.text:IntMasterDisable)
                  2000f556    0000000a     drivers_cc32xx.a : UART.oem4 (.text:UART_read)
                  2000f560    0000000a                      : UART.oem4 (.text:UART_write)
                  2000f56a    00000008     rtsv7M4_T_le_eabi.lib : memory.c.obj (.text:malloc)
                  2000f572    00000008     drivers_cc32xx.a : UARTCC32XX.oem4 (.text:readSemCallback)
                  2000f57a    00000008                      : UARTCC32XX.oem4 (.text:writeSemCallback)
                  2000f582    00000006     driverlib.a : utils.obj (.text:UtilsDelay)
                  2000f588    00000004     nortos_cc32xx.a : ClockPSysTick_nortos.oem4 (.text:ClockP_setTimeout)
                  2000f58c    00000004                     : HwiPCC32XX_nortos.oem4 (.text:HwiP_post)
                  2000f590    00000004                     : SemaphoreP_nortos.oem4 (.text:SemaphoreP_delete)
                  2000f594    00000004     rtsv7M4_T_le_eabi.lib : pre_init.c.obj (.text:_system_pre_init)
                  2000f598    00000004                           : exit.c.obj (.text:abort:abort)

.const     0    2000fb48    0000037a     
                  2000fb48    00000100     driverlib.a : pin.obj (.const:g_ulPinToPadMap)
                  2000fc48    000000a8                 : prcm.obj (.const:PRCM_PeriphRegsList)
                  2000fcf0    00000044     ti_drivers_config.obj (.const:PowerCC32XX_config)
                  2000fd34    00000028     drivers_cc32xx.a : UARTCC32XX.oem4 (.const:UARTCC32XX_fxnTable)
                  2000fd5c    00000024                      : UART.oem4 (.const:UART_defaultParams)
                  2000fd80    00000024     ti_drivers_config.obj (.const:uartCC32XXHWAttrs0)
                  2000fda4    00000021     drivers_cc32xx.a : GPIOCC32XX.oem4 (.const:.string:pinTable)
                  2000fdc5    00000003     ti_drivers_config.obj (.const)
                  2000fdc8    00000020     drivers_cc32xx.a : UARTCC32XX.oem4 (.const:staticFxnTable)
                  2000fde8    00000018     driverlib.a : interrupt.obj (.const:g_pulEnRegs)
                  2000fe00    00000018                 : interrupt.obj (.const:g_pulPendRegs)
                  2000fe18    00000016     uartecho.obj (.const:.string:$P$T0$1)
                  2000fe2e    00000002     --HOLE-- [fill = 0]
                  2000fe30    00000014     ti_drivers_config.obj (.const:GPIOCC32XX_config)
                  2000fe44    00000014     drivers_cc32xx.a : GPIOCC32XX.oem4 (.const:gpioBaseAddresses)
                  2000fe58    00000014                      : UARTCC32XX.oem4 (.const:parityType)
                  2000fe6c    00000014                      : GPIOCC32XX.oem4 (.const:powerResources)
                  2000fe80    00000010                      : UARTCC32XX.oem4 (.const:dataLength)
                  2000fe90    0000000c     ti_drivers_config.obj (.const:UART_config)
                  2000fe9c    00000008     drivers_cc32xx.a : GPIOCC32XX.oem4 (.const:outPinTypes)
                  2000fea4    00000008                      : UARTCC32XX.oem4 (.const:stopBits)
                  2000feac    00000006                      : GPIOCC32XX.oem4 (.const:.string:interruptType)
                  2000feb2    00000006                      : GPIOCC32XX.oem4 (.const:inPinTypes)
                  2000feb8    00000006                      : GPIOCC32XX.oem4 (.const:outPinStrengths)
                  2000febe    00000004                      : GPIOCC32XX.oem4 (.const:.string:portInterruptIds)

.cinit     0    200100f8    000000e8     
                  200100f8    000000be     (.cinit..data.load) [load image, compression = lzss]
                  200101b6    00000002     --HOLE-- [fill = 0]
                  200101b8    0000000c     (__TI_handler_table)
                  200101c4    00000004     --HOLE-- [fill = 0]
                  200101c8    00000008     (.cinit..bss.load) [load image, compression = zero_init]
                  200101d0    00000010     (__TI_cinit_table)

.init_array 
*          0    20004000    00000000     UNINITIALIZED

.ramVecs   0    20000000    0000030c     NOLOAD SECTION
                  20000000    0000030c     nortos_cc32xx.a : startup_cc32xx_ccs.oem4 (.ramVecs)

.stack     0    20003000    00001000     UNINITIALIZED
                  20003000    00000004     rtsv7M4_T_le_eabi.lib : boot_cortex_m.c.obj (.stack)
                  20003004    00000ffc     --HOLE--

.resetVecs 
*          0    20004000    00000040     
                  20004000    00000040     nortos_cc32xx.a : startup_cc32xx_ccs.oem4 (.resetVecs:retain)

.sysmem    0    20004040    00008000     UNINITIALIZED
                  20004040    00000010     rtsv7M4_T_le_eabi.lib : memory.c.obj (.sysmem)
                  20004050    00007ff0     --HOLE--

.data      0    2000f59c    000005ac     UNINITIALIZED
                  2000f59c    0000030c     nortos_cc32xx.a : HwiPCC32XX_nortos.oem4 (.data:HwiP_dispatchTable)
                  2000f8a8    0000016c     drivers_cc32xx.a : PowerCC32XX.oem4 (.data:PowerCC32XX_module)
                  2000fa14    000000f8     ti_drivers_config.obj (.data:parkInfo)
                  2000fb0c    00000009     drivers_cc32xx.a : GPIOCC32XX.oem4 (.data)
                  2000fb15    00000003     nortos_cc32xx.a : SemaphoreP_nortos.oem4 (.data)
                  2000fb18    00000008     rtsv7M4_T_le_eabi.lib : _lock.c.obj (.data:$O1$$)
                  2000fb20    00000008                           : memory.c.obj (.data:$O1$$)
                  2000fb28    00000008     nortos_cc32xx.a : SemaphoreP_nortos.oem4 (.data:SemaphoreP_defaultParams)
                  2000fb30    00000008                     : HwiPCC32XX_nortos.oem4 (.data)
                  2000fb38    00000005                     : ClockPSysTick_nortos.oem4 (.data)
                  2000fb3d    00000001     drivers_cc32xx.a : UART.oem4 (.data)
                  2000fb3e    00000002     --HOLE--
                  2000fb40    00000004     ti_drivers_config.obj (.data:gpioCallbackFunctions)
                  2000fb44    00000004     ti_drivers_config.obj (.data:gpioPinConfigs)

.bss       0    2000fec8    0000022c     UNINITIALIZED
                  2000fec8    0000012c     (.common:PowerCC32XX_contextSave)
                  2000fff4    00000084     (.common:uartCC32XXObjects0)
                  20010078    00000020     drivers_cc32xx.a : GPIOCC32XX.oem4 (.bss:gpioCallbackInfo)
                  20010098    00000020     ti_drivers_config.obj (.bss:uartCC32XXRingBuffer0)
                  200100b8    00000014     drivers_cc32xx.a : GPIOCC32XX.oem4 (.bss:powerNotifyObj)
                  200100cc    00000004                      : GPIOCC32XX.oem4 (.bss)
                  200100d0    00000010     (.common:ClockP_ctrl)
                  200100e0    0000000d     nortos_cc32xx.a : SwiP_nortos.oem4 (.bss)
                  200100ed    00000003     --HOLE--
                  200100f0    00000004                     : ClockPSysTick_nortos.oem4 (.bss)

.log_data 
*          0    90000000    00000000     COPY SECTION

__llvm_prf_cnts 
*          0    20004000    00000000     UNINITIALIZED

MODULE SUMMARY

       Module                       code    ro data   rw data
       ------                       ----    -------   -------
    .\
       uartecho.obj                 192     22        0      
       main_nortos.obj              18      0         0      
    +--+----------------------------+-------+---------+---------+
       Total:                       210     22        0      
                                                             
    .\syscfg\
       ti_drivers_config.obj        18      139       420    
    +--+----------------------------+-------+---------+---------+
       Total:                       18      139       420    
                                                             
    C:/ti/simplelink_cc32xx_sdk_5_20_00_06/kernel/nortos/lib/ccs/m4/nortos_cc32xx.a
       HwiPCC32XX_nortos.oem4       352     0         788    
       startup_cc32xx_ccs.oem4      90      64        780    
       ClockPSysTick_nortos.oem4    702     0         25     
       PowerCC32XX_nortos.oem4      472     0         0      
       SemaphoreP_nortos.oem4       378     0         11     
       SwiP_nortos.oem4             96      0         13     
    +--+----------------------------+-------+---------+---------+
       Total:                       2090    64        1617   
                                                             
    C:/ti/simplelink_cc32xx_sdk_5_20_00_06/source/ti/devices/cc32xx/driverlib/ccs/Release/driverlib.a
       prcm.obj                     1604    168       0      
       pin.obj                      280     256       0      
       interrupt.obj                334     48        0      
       flash.obj                    72      0         0      
       uart.obj                     48      0         0      
       cpu.obj                      20      0         0      
       utils.obj                    6       0         0      
    +--+----------------------------+-------+---------+---------+
       Total:                       2364    472       0      
                                                             
    C:/ti/simplelink_cc32xx_sdk_5_20_00_06/source/ti/drivers/lib/ccs/m4/drivers_cc32xx.a
       UARTCC32XX.oem4              3466    116       0      
       PowerCC32XX.oem4             2432    0         664    
       GPIOCC32XX.oem4              1208    103       65     
       UART.oem4                    176     36        1      
       RingBuf.oem4                 198     0         0      
       PowerCC32XX_asm.oem4         150     0         0      
       List.oem4                    76      0         0      
    +--+----------------------------+-------+---------+---------+
       Total:                       7706    255       730    
                                                             
    C:\ti\ccs1031\ccs\tools\compiler\ti-cgt-arm_20.2.4.LTS\lib\rtsv7M4_T_le_eabi.lib
       memory.c.obj                 672     0         8      
       memcpy_t2.asm.obj            156     0         0      
       ull_div_t2.asm.obj           150     0         0      
       copy_decompress_lzss.c.obj   104     0         0      
       autoinit.c.obj               68      0         0      
       boot_cortex_m.c.obj          36      0         0      
       copy_zero_init.c.obj         28      0         0      
       ll_mul_t2.asm.obj            24      0         0      
       copy_decompress_none.c.obj   14      0         0      
       _lock.c.obj                  2       0         8      
       exit.c.obj                   4       0         0      
       pre_init.c.obj               4       0         0      
       div0.asm.obj                 2       0         0      
    +--+----------------------------+-------+---------+---------+
       Total:                       1264    0         16     
                                                             
       Heap:                        0       0         32768  
       Stack:                       0       0         4096   
       Linker Generated:            0       226       0      
    +--+----------------------------+-------+---------+---------+
       Grand Total:                 13652   1178      39647  


LINKER GENERATED COPY TABLES

__TI_cinit_table @ 200101d0 records: 2, size/record: 8, table size: 16
	.data: load addr=200100f8, load size=000000be bytes, run addr=2000f59c, run size=000005ac bytes, compression=lzss
	.bss: load addr=200101c8, load size=00000008 bytes, run addr=2000fec8, run size=0000022c bytes, compression=zero_init


LINKER GENERATED HANDLER TABLE

__TI_handler_table @ 200101b8 records: 3, size/record: 4, table size: 12
	index: 0, handler: __TI_decompress_lzss
	index: 1, handler: __TI_decompress_none
	index: 2, handler: __TI_zero_init


GLOBAL SYMBOLS: SORTED ALPHABETICALLY BY Name 

address   name                          
-------   ----                          
2000f437  Board_init                    
2000d007  Board_initHook                
2000f599  C$$EXIT                       
2000fdc5  CONFIG_GPIO_LED_0_CONST       
2000fdc6  CONFIG_UART_0_CONST           
2000f387  CPUcpsid                      
2000f539  ClockP_Params_init            
2000f447  ClockP_add                    
2000ebb1  ClockP_construct              
2000f265  ClockP_create                 
200100d0  ClockP_ctrl                   
2000f457  ClockP_delete                 
2000ecf1  ClockP_destruct               
2000e6e9  ClockP_doTick                 
2000f469  ClockP_getCpuFreq             
2000f479  ClockP_getSystemTicks         
2000eebd  ClockP_getTicksUntilInterrupt 
2000f543  ClockP_isActive               
2000f489  ClockP_setTicks               
2000f589  ClockP_setTimeout             
2000ef8d  ClockP_start                  
2000eef1  ClockP_startup                
2000e9d5  ClockP_stop                   
2000e6e9  ClockP_sysTickHandler         
2000fb38  ClockP_tickPeriod             
2000e86d  FlashDisable                  
2000fe30  GPIOCC32XX_config             
2000e789  GPIO_enableInt                
2000e0b5  GPIO_hwiIntFxn                
2000d1b9  GPIO_init                     
2000e481  GPIO_setCallback              
2000c6f5  GPIO_setConfig                
2000e539  GPIO_write                    
2000f401  HwiP_Params_init              
2000dd15  HwiP_construct                
2000f019  HwiP_create                   
2000f499  HwiP_delete                   
2000f175  HwiP_destruct                 
2000f4e9  HwiP_disable                  
2000f109  HwiP_dispatch                 
2000f4f7  HwiP_enable                   
2000f39d  HwiP_inISR                    
2000fb30  HwiP_key                      
2000f58d  HwiP_post                     
2000f4a9  HwiP_restore                  
2000fb34  HwiP_swiPIntNum               
UNDEFED   ITM_flush                     
UNDEFED   ITM_restore                   
2000d785  IntEnable                     
2000f54d  IntMasterDisable              
2000dda1  IntPendSet                    
2000f3b1  IntVTableBaseSet              
2000f0bd  List_put                      
2000f0e3  List_remove                   
2000f4f7  NoRTOS_start                  
2000c041  PRCMCC3200MCUInit             
2000f345  PRCMHIBRegRead                
2000f35b  PRCMHIBRegWrite               
2000e8b5  PRCMLPDSEnter                 
2000eda5  PRCMLPDSEnterKeepDebugIf      
2000ea19  PRCMLPDSRestoreInfoSet        
2000f045  PRCMPeripheralClkDisable      
2000e8fd  PRCMPeripheralClkEnable       
2000e591  PRCMPeripheralReset           
2000e421  PRCMSysResetCauseGet          
2000de29  PinConfigSet                  
2000ef25  PinModeGet                    
2000ebf1  PinModeSet                    
2000f1f5  PinToPadGet                   
2000fcf0  PowerCC32XX_config            
2000d82d  PowerCC32XX_configureWakeup   
2000fec8  PowerCC32XX_contextSave       
2000ea5d  PowerCC32XX_enterLPDS         
2000efed  PowerCC32XX_getParkState      
2000d1b7  PowerCC32XX_initPolicy        
2000f8a8  PowerCC32XX_module            
2000e7d5  PowerCC32XX_parkPin           
2000f12d  PowerCC32XX_reset             
2000ef59  PowerCC32XX_restoreParkState  
2000efbd  PowerCC32XX_restoreParkedPin  
2000e695  PowerCC32XX_resumeLPDS        
2000e359  PowerCC32XX_setParkState      
2000c8d9  PowerCC32XX_sleepPolicy       
2000f3c5  Power_disablePolicy           
2000f4b9  Power_enablePolicy            
2000f521  Power_getConstraintMask       
2000f3d9  Power_getDependencyCount      
2000f2b5  Power_getTransitionLatency    
2000f2cd  Power_idleFunc                
2000deb1  Power_init                    
2000f06d  Power_registerNotify          
2000e945  Power_releaseConstraint       
2000e5e9  Power_releaseDependency       
2000ed2d  Power_setConstraint           
2000dfb9  Power_setDependency           
2000cbbd  Power_sleep                   
2000f195  Power_unregisterNotify        
2000f413  RingBuf_construct             
2000ec31  RingBuf_get                   
2000f505  RingBuf_isFull                
2000f1b5  RingBuf_peek                  
2000e98d  RingBuf_put                   
2000f4c9  SemaphoreP_Params_init        
2000e739  SemaphoreP_construct          
2000f371  SemaphoreP_create             
2000f27f  SemaphoreP_createBinary       
2000fb28  SemaphoreP_defaultParams      
2000f591  SemaphoreP_delete             
2000da19  SemaphoreP_pend               
2000eaa1  SemaphoreP_post               
2000f211  SwiP_disable                  
2000eae5  SwiP_restore                  
2000f2e5  UARTBusy                      
2000ccf5  UARTCC32XX_close              
2000cf15  UARTCC32XX_control            
2000fd34  UARTCC32XX_fxnTable           
2000d4b7  UARTCC32XX_init               
2000c46d  UARTCC32XX_open               
2000ec71  UARTCC32XX_read               
2000ee85  UARTCC32XX_readCancel         
2000d3fd  UARTCC32XX_readPolling        
2000d0ed  UARTCC32XX_write              
2000e2f1  UARTCC32XX_writeCancel        
2000e3bd  UARTCC32XX_writePolling       
2000f2fd  UARTIntEnable                 
2000f315  UART_Params_init              
2000fe90  UART_config                   
2000fdc7  UART_count                    
2000fd5c  UART_defaultParams            
2000eb29  UART_init                     
2000ecb1  UART_open                     
2000f557  UART_read                     
2000f561  UART_write                    
2000f583  UtilsDelay                    
20004000  __STACK_END                   
00001000  __STACK_SIZE                  
00008000  __SYSMEM_SIZE                 
200101d0  __TI_CINIT_Base               
200101e0  __TI_CINIT_Limit              
200101b8  __TI_Handler_Table_Base       
200101c4  __TI_Handler_Table_Limit      
2000eb6d  __TI_auto_init_nobinit_nopinit
2000e289  __TI_decompress_lzss          
2000f513  __TI_decompress_none          
ffffffff  __TI_pprof_out_hndl           
ffffffff  __TI_prof_data_size           
ffffffff  __TI_prof_data_start          
200100f8  __TI_static_base__            
2000f22d  __TI_zero_init_nomemset       
2000eebb  __aeabi_idiv0                 
2000eebb  __aeabi_ldiv0                 
2000f32d  __aeabi_lmul                  
2000dab9  __aeabi_memcpy                
2000dab9  __aeabi_memcpy4               
2000dab9  __aeabi_memcpy8               
2000dbed  __aeabi_uldivmod              
ffffffff  __binit__                     
ffffffff  __c_args__                    
UNDEFED   __mpu_init                    
20003000  __stack                       
20004000  __start___llvm_prf_cnts       
20004000  __stop___llvm_prf_cnts        
2000f151  _c_int00_noargs               
2000fb18  _lock                         
2000dc83  _nop                          
20004040  _sys_memory                   
UNDEFED   _system_post_cinit            
2000f595  _system_pre_init              
2000fb1c  _unlock                       
2000f599  abort                         
2000ce15  aligned_alloc                 
ffffffff  binit                         
2000e41f  clkFxn                        
2000d009  free                          
2000fb40  gpioCallbackFunctions         
2000fb44  gpioPinConfigs                
2000feb2  inPinTypes                    
2000ee15  initVectors                   
2000f425  main                          
2000d27d  mainThread                    
2000f56b  malloc                        
2000ce15  memalign                      
2000dab9  memcpy                        
2000feb8  outPinStrengths               
2000fe9c  outPinTypes                   
2000fa14  parkInfo                      
2000f299  resetISR                      
2000f2ac  resetVectorAddr               
20004000  resetVectors                  
2000fff4  uartCC32XXObjects0            


GLOBAL SYMBOLS: SORTED BY Symbol Address 

address   name                          
-------   ----                          
00001000  __STACK_SIZE                  
00008000  __SYSMEM_SIZE                 
20003000  __stack                       
20004000  __STACK_END                   
20004000  __start___llvm_prf_cnts       
20004000  __stop___llvm_prf_cnts        
20004000  resetVectors                  
20004040  _sys_memory                   
2000c041  PRCMCC3200MCUInit             
2000c46d  UARTCC32XX_open               
2000c6f5  GPIO_setConfig                
2000c8d9  PowerCC32XX_sleepPolicy       
2000cbbd  Power_sleep                   
2000ccf5  UARTCC32XX_close              
2000ce15  aligned_alloc                 
2000ce15  memalign                      
2000cf15  UARTCC32XX_control            
2000d007  Board_initHook                
2000d009  free                          
2000d0ed  UARTCC32XX_write              
2000d1b7  PowerCC32XX_initPolicy        
2000d1b9  GPIO_init                     
2000d27d  mainThread                    
2000d3fd  UARTCC32XX_readPolling        
2000d4b7  UARTCC32XX_init               
2000d785  IntEnable                     
2000d82d  PowerCC32XX_configureWakeup   
2000da19  SemaphoreP_pend               
2000dab9  __aeabi_memcpy                
2000dab9  __aeabi_memcpy4               
2000dab9  __aeabi_memcpy8               
2000dab9  memcpy                        
2000dbed  __aeabi_uldivmod              
2000dc83  _nop                          
2000dd15  HwiP_construct                
2000dda1  IntPendSet                    
2000de29  PinConfigSet                  
2000deb1  Power_init                    
2000dfb9  Power_setDependency           
2000e0b5  GPIO_hwiIntFxn                
2000e289  __TI_decompress_lzss          
2000e2f1  UARTCC32XX_writeCancel        
2000e359  PowerCC32XX_setParkState      
2000e3bd  UARTCC32XX_writePolling       
2000e41f  clkFxn                        
2000e421  PRCMSysResetCauseGet          
2000e481  GPIO_setCallback              
2000e539  GPIO_write                    
2000e591  PRCMPeripheralReset           
2000e5e9  Power_releaseDependency       
2000e695  PowerCC32XX_resumeLPDS        
2000e6e9  ClockP_doTick                 
2000e6e9  ClockP_sysTickHandler         
2000e739  SemaphoreP_construct          
2000e789  GPIO_enableInt                
2000e7d5  PowerCC32XX_parkPin           
2000e86d  FlashDisable                  
2000e8b5  PRCMLPDSEnter                 
2000e8fd  PRCMPeripheralClkEnable       
2000e945  Power_releaseConstraint       
2000e98d  RingBuf_put                   
2000e9d5  ClockP_stop                   
2000ea19  PRCMLPDSRestoreInfoSet        
2000ea5d  PowerCC32XX_enterLPDS         
2000eaa1  SemaphoreP_post               
2000eae5  SwiP_restore                  
2000eb29  UART_init                     
2000eb6d  __TI_auto_init_nobinit_nopinit
2000ebb1  ClockP_construct              
2000ebf1  PinModeSet                    
2000ec31  RingBuf_get                   
2000ec71  UARTCC32XX_read               
2000ecb1  UART_open                     
2000ecf1  ClockP_destruct               
2000ed2d  Power_setConstraint           
2000eda5  PRCMLPDSEnterKeepDebugIf      
2000ee15  initVectors                   
2000ee85  UARTCC32XX_readCancel         
2000eebb  __aeabi_idiv0                 
2000eebb  __aeabi_ldiv0                 
2000eebd  ClockP_getTicksUntilInterrupt 
2000eef1  ClockP_startup                
2000ef25  PinModeGet                    
2000ef59  PowerCC32XX_restoreParkState  
2000ef8d  ClockP_start                  
2000efbd  PowerCC32XX_restoreParkedPin  
2000efed  PowerCC32XX_getParkState      
2000f019  HwiP_create                   
2000f045  PRCMPeripheralClkDisable      
2000f06d  Power_registerNotify          
2000f0bd  List_put                      
2000f0e3  List_remove                   
2000f109  HwiP_dispatch                 
2000f12d  PowerCC32XX_reset             
2000f151  _c_int00_noargs               
2000f175  HwiP_destruct                 
2000f195  Power_unregisterNotify        
2000f1b5  RingBuf_peek                  
2000f1f5  PinToPadGet                   
2000f211  SwiP_disable                  
2000f22d  __TI_zero_init_nomemset       
2000f265  ClockP_create                 
2000f27f  SemaphoreP_createBinary       
2000f299  resetISR                      
2000f2ac  resetVectorAddr               
2000f2b5  Power_getTransitionLatency    
2000f2cd  Power_idleFunc                
2000f2e5  UARTBusy                      
2000f2fd  UARTIntEnable                 
2000f315  UART_Params_init              
2000f32d  __aeabi_lmul                  
2000f345  PRCMHIBRegRead                
2000f35b  PRCMHIBRegWrite               
2000f371  SemaphoreP_create             
2000f387  CPUcpsid                      
2000f39d  HwiP_inISR                    
2000f3b1  IntVTableBaseSet              
2000f3c5  Power_disablePolicy           
2000f3d9  Power_getDependencyCount      
2000f401  HwiP_Params_init              
2000f413  RingBuf_construct             
2000f425  main                          
2000f437  Board_init                    
2000f447  ClockP_add                    
2000f457  ClockP_delete                 
2000f469  ClockP_getCpuFreq             
2000f479  ClockP_getSystemTicks         
2000f489  ClockP_setTicks               
2000f499  HwiP_delete                   
2000f4a9  HwiP_restore                  
2000f4b9  Power_enablePolicy            
2000f4c9  SemaphoreP_Params_init        
2000f4e9  HwiP_disable                  
2000f4f7  HwiP_enable                   
2000f4f7  NoRTOS_start                  
2000f505  RingBuf_isFull                
2000f513  __TI_decompress_none          
2000f521  Power_getConstraintMask       
2000f539  ClockP_Params_init            
2000f543  ClockP_isActive               
2000f54d  IntMasterDisable              
2000f557  UART_read                     
2000f561  UART_write                    
2000f56b  malloc                        
2000f583  UtilsDelay                    
2000f589  ClockP_setTimeout             
2000f58d  HwiP_post                     
2000f591  SemaphoreP_delete             
2000f595  _system_pre_init              
2000f599  C$$EXIT                       
2000f599  abort                         
2000f8a8  PowerCC32XX_module            
2000fa14  parkInfo                      
2000fb18  _lock                         
2000fb1c  _unlock                       
2000fb28  SemaphoreP_defaultParams      
2000fb30  HwiP_key                      
2000fb34  HwiP_swiPIntNum               
2000fb38  ClockP_tickPeriod             
2000fb40  gpioCallbackFunctions         
2000fb44  gpioPinConfigs                
2000fcf0  PowerCC32XX_config            
2000fd34  UARTCC32XX_fxnTable           
2000fd5c  UART_defaultParams            
2000fdc5  CONFIG_GPIO_LED_0_CONST       
2000fdc6  CONFIG_UART_0_CONST           
2000fdc7  UART_count                    
2000fe30  GPIOCC32XX_config             
2000fe90  UART_config                   
2000fe9c  outPinTypes                   
2000feb2  inPinTypes                    
2000feb8  outPinStrengths               
2000fec8  PowerCC32XX_contextSave       
2000fff4  uartCC32XXObjects0            
200100d0  ClockP_ctrl                   
200100f8  __TI_static_base__            
200101b8  __TI_Handler_Table_Base       
200101c4  __TI_Handler_Table_Limit      
200101d0  __TI_CINIT_Base               
200101e0  __TI_CINIT_Limit              
ffffffff  __TI_pprof_out_hndl           
ffffffff  __TI_prof_data_size           
ffffffff  __TI_prof_data_start          
ffffffff  __binit__                     
ffffffff  __c_args__                    
ffffffff  binit                         
UNDEFED   ITM_flush                     
UNDEFED   ITM_restore                   
UNDEFED   __mpu_init                    
UNDEFED   _system_post_cinit            

[190 symbols]
