******************************************************************************
                  TI ARM Linker PC v20.2.4                     
******************************************************************************
>> Linked Sun Aug 15 13:43:02 2021

OUTPUT FILE NAME:   <gpiointerrupt_CC3220S_LAUNCHXL_nortos_ccs.out>
ENTRY POINT SYMBOL: "resetISR"  address: 20011fe5


MEMORY CONFIGURATION

         name            origin    length      used     unused   attr    fill
----------------------  --------  ---------  --------  --------  ----  --------
  SRAM2                 20000000   00004000  0000130c  00002cf4  RW X
  SRAM                  20004000   0003c000  0000f500  0002cb00  RW X
  LOG_DATA              90000000   00040000  00000000  00040000  R   


SEGMENT ALLOCATION MAP

run origin  load origin   length   init length attrs members
----------  ----------- ---------- ----------- ----- -------
20003000    20003000    00001000   00000000    rw-
  20003000    20003000    00001000   00000000    rw- .stack
20004000    20004000    00000040   00000040    r--
  20004000    20004000    00000040   00000040    r-- .resetVecs
20004040    20004040    00008000   00000000    rw-
  20004040    20004040    00008000   00000000    rw- .sysmem
2000c040    2000c040    000064e2   000064e2    r-x
  2000c040    2000c040    000064e2   000064e2    r-x .text
20012524    20012524    000005c8   00000000    rw-
  20012524    20012524    000005c8   00000000    rw- .data
20012aec    20012aec    00000502   00000502    r--
  20012aec    20012aec    00000502   00000502    r-- .const
20012ff0    20012ff0    00000424   00000000    rw-
  20012ff0    20012ff0    00000424   00000000    rw- .bss
20013418    20013418    000000f0   000000f0    r--
  20013418    20013418    000000f0   000000f0    r-- .cinit


SECTION ALLOCATION MAP

 output                                  attributes/
section   page    origin      length       input sections
--------  ----  ----------  ----------   ----------------
.text      0    2000c040    000064e2     
                  2000c040    00000a4e     rtsv7M4_T_le_eabi.lib : _printfi.c.obj (.text:__TI_printfi)
                  2000ca8e    00000002     ti_drivers_config.obj (.text:Board_initHook)
                  2000ca90    0000042c     driverlib.a : prcm.obj (.text:PRCMCC3200MCUInit)
                  2000cebc    00000288     drivers_cc32xx.a : UARTCC32XX.oem4 (.text:UARTCC32XX_open)
                  2000d144    00000268     rtsv7M4_T_le_eabi.lib : _printfi.c.obj (.text:_pconv_a)
                  2000d3ac    00000250     gpiointerrupt.obj (.text:initI2C)
                  2000d5fc    000001e4     drivers_cc32xx.a : GPIOCC32XX.oem4 (.text:GPIO_setConfig)
                  2000d7e0    000001cc     rtsv7M4_T_le_eabi.lib : _printfi.c.obj (.text:_pconv_g)
                  2000d9ac    000001b6                           : fd_add_t2.asm.obj (.text)
                  2000db62    00000002     drivers_cc32xx.a : I2C.oem4 (.text:I2C_init)
                  2000db64    0000019c     nortos_cc32xx.a : PowerCC32XX_nortos.oem4 (.text:PowerCC32XX_sleepPolicy)
                  2000dd00    0000019c     gpiointerrupt.obj (.text:mainThread)
                  2000de9c    00000148     drivers_cc32xx.a : I2CCC32XX.oem4 (.text:I2CCC32XX_hwiFxn)
                  2000dfe4    00000148                      : PowerCC32XX.oem4 (.text:parkPins)
                  2000e12c    0000013c     rtsv7M4_T_le_eabi.lib : _printfi.c.obj (.text:_pconv_e)
                  2000e268    00000138     drivers_cc32xx.a : PowerCC32XX.oem4 (.text:Power_sleep)
                  2000e3a0    00000138                      : TimerCC32XX.oem4 (.text:Timer_open)
                  2000e4d8    00000136     rtsv7M4_T_le_eabi.lib : fd_div_t2.asm.obj (.text)
                  2000e60e    00000122     drivers_cc32xx.a : I2C.oem4 (.text:I2C_transferTimeout)
                  2000e730    00000120                      : UARTCC32XX.oem4 (.text:UARTCC32XX_close)
                  2000e850    00000120     rtsv7M4_T_le_eabi.lib : _printfi.c.obj (.text:fcvt)
                  2000e970    00000120     gpiointerrupt.obj (.text:readTemp)
                  2000ea90    00000100     rtsv7M4_T_le_eabi.lib : memory.c.obj (.text:aligned_alloc)
                  2000eb90    000000fc     drivers_cc32xx.a : I2CCC32XX.oem4 (.text:I2C_open)
                  2000ec8c    000000fc     rtsv7M4_T_le_eabi.lib : fd_mul_t2.asm.obj (.text)
                  2000ed88    000000f2     drivers_cc32xx.a : UARTCC32XX.oem4 (.text:UARTCC32XX_control)
                  2000ee7a    00000002     nortos_cc32xx.a : PowerCC32XX_nortos.oem4 (.text:PowerCC32XX_initPolicy)
                  2000ee7c    000000e4     rtsv7M4_T_le_eabi.lib : memory.c.obj (.text:free)
                  2000ef60    000000d0                           : s_scalbn.c.obj (.text:scalbn)
                  2000f030    000000ca     drivers_cc32xx.a : UARTCC32XX.oem4 (.text:UARTCC32XX_write)
                  2000f0fa    00000002     nortos_cc32xx.a : SemaphoreP_nortos.oem4 (.text:SemaphoreP_destruct)
                  2000f0fc    000000c4     drivers_cc32xx.a : GPIOCC32XX.oem4 (.text:GPIO_init)
                  2000f1c0    000000c0                      : PowerCC32XX.oem4 (.text:restoreParkedPins)
                  2000f280    000000ba                      : UARTCC32XX.oem4 (.text:UARTCC32XX_readPolling)
                  2000f33a    00000002                      : Timer.oem4 (.text:Timer_init)
                  2000f33c    000000b8                      : UARTCC32XX.oem4 (.text:initHw)
                  2000f3f4    000000b6                      : UARTCC32XX.oem4 (.text:readTaskCallback)
                  2000f4aa    000000b2                      : I2CCC32XX.oem4 (.text:I2CCC32XX_completeTransfer)
                  2000f55c    000000b1     rtsv7M4_T_le_eabi.lib : _printfi.c.obj (.text:_ltostr)
                  2000f60d    00000001     --HOLE-- [fill = 0]
                  2000f60e    000000b0     drivers_cc32xx.a : UARTCC32XX.oem4 (.text:readTaskBlocking)
                  2000f6be    000000ae                      : UARTCC32XX.oem4 (.text:readIsrTextBlocking)
                  2000f76c    000000a8                      : I2CCC32XX.oem4 (.text:I2CCC32XX_primeWriteBurst)
                  2000f814    000000a8     driverlib.a : interrupt.obj (.text:IntEnable)
                  2000f8bc    000000a8     drivers_cc32xx.a : PowerCC32XX.oem4 (.text:PowerCC32XX_configureWakeup)
                  2000f964    000000a2                      : UARTCC32XX.oem4 (.text:readIsrTextCallback)
                  2000fa06    000000a2                      : UARTCC32XX.oem4 (.text:writeData)
                  2000faa8    000000a0     nortos_cc32xx.a : SemaphoreP_nortos.oem4 (.text:SemaphoreP_pend)
                  2000fb48    0000009c     drivers_cc32xx.a : I2CCC32XX.oem4 (.text:I2CCC32XX_initHw)
                  2000fbe4    0000009c     rtsv7M4_T_le_eabi.lib : memcpy_t2.asm.obj (.text)
                  2000fc80    00000098     drivers_cc32xx.a : GPIOCC32XX.oem4 (.text:powerNotifyFxn)
                  2000fd18    00000096     rtsv7M4_T_le_eabi.lib : ull_div_t2.asm.obj (.text)
                  2000fdae    00000002     drivers_cc32xx.a : UARTCC32XX.oem4 (.text:UARTCC32XX_init)
                  2000fdb0    00000090                      : PowerCC32XX.oem4 (.text:restoreNVICRegs)
                  2000fe40    0000008c     nortos_cc32xx.a : HwiPCC32XX_nortos.oem4 (.text:HwiP_construct)
                  2000fecc    00000088     driverlib.a : interrupt.obj (.text:IntPendSet)
                  2000ff54    00000088                 : pin.obj (.text:PinConfigSet)
                  2000ffdc    00000086     rtsv7M4_T_le_eabi.lib : fd_cmp_t2.asm.obj (.text:__aeabi_cdcmple)
                  20010062    00000086                           : fd_cmp_t2.asm.obj (.text:__aeabi_cdrcmple)
                  200100e8    00000084     drivers_cc32xx.a : PowerCC32XX.oem4 (.text:Power_init)
                  2001016c    00000084                      : PowerCC32XX.oem4 (.text:saveNVICRegs)
                  200101f0    00000080                      : PowerCC32XX.oem4 (.text:Power_setDependency)
                  20010270    0000007c                      : UARTCC32XX.oem4 (.text:readIsrBinaryBlocking)
                  200102ec    0000007a                      : I2CCC32XX.oem4 (.text:I2CCC32XX_primeReadBurst)
                  20010366    0000007a     rtsv7M4_T_le_eabi.lib : fs_mul_t2.asm.obj (.text)
                  200103e0    0000007a                           : memset_t2.asm.obj (.text)
                  2001045a    00000002                           : _lock.c.obj (.text:_nop)
                  2001045c    00000078     drivers_cc32xx.a : GPIOCC32XX.oem4 (.text:GPIO_hwiIntFxn)
                  200104d4    00000078                      : UARTCC32XX.oem4 (.text:readIsrBinaryCallback)
                  2001054c    00000074                      : UARTCC32XX.oem4 (.text:UARTCC32XX_hwiIntFxn)
                  200105c0    00000070     rtsv7M4_T_le_eabi.lib : memory.c.obj (.text:split)
                  20010630    0000006e                           : _printfi.c.obj (.text:_mcpy)
                  2001069e    0000006a     drivers_cc32xx.a : I2CCC32XX.oem4 (.text:I2CSupport_primeTransfer)
                  20010708    00000068     rtsv7M4_T_le_eabi.lib : copy_decompress_lzss.c.obj (.text:decompress:lzss:__TI_decompress_lzss)
                  20010770    00000066     drivers_cc32xx.a : UARTCC32XX.oem4 (.text:UARTCC32XX_writeCancel)
                  200107d6    00000002     nortos_cc32xx.a : startup_cc32xx_ccs.oem4 (.text:busFaultHandler)
                  200107d8    00000064     drivers_cc32xx.a : GPIOCC32XX.oem4 (.text:GPIO_toggle)
                  2001083c    00000064                      : PowerCC32XX.oem4 (.text:PowerCC32XX_setParkState)
                  200108a0    00000062                      : UARTCC32XX.oem4 (.text:UARTCC32XX_writePolling)
                  20010902    00000002     nortos_cc32xx.a : SemaphoreP_nortos.oem4 (.text:clkFxn)
                  20010904    00000060     driverlib.a : prcm.obj (.text:PRCMSysResetCauseGet)
                  20010964    0000005c     drivers_cc32xx.a : GPIOCC32XX.oem4 (.text:GPIO_setCallback)
                  200109c0    0000005c     rtsv7M4_T_le_eabi.lib : s_frexp.c.obj (.text:frexp)
                  20010a1c    0000005c     nortos_cc32xx.a : ClockPSysTick_nortos.oem4 (.text:sysTickInit)
                  20010a78    00000058     drivers_cc32xx.a : GPIOCC32XX.oem4 (.text:GPIO_write)
                  20010ad0    00000058     driverlib.a : prcm.obj (.text:PRCMPeripheralReset)
                  20010b28    00000058     drivers_cc32xx.a : PowerCC32XX.oem4 (.text:Power_releaseDependency)
                  20010b80    00000056     rtsv7M4_T_le_eabi.lib : _printfi.c.obj (.text:_pconv_f)
                  20010bd6    00000054                           : _ltoa.c.obj (.text:__TI_ltoa)
                  20010c2a    00000002     nortos_cc32xx.a : startup_cc32xx_ccs.oem4 (.text:defaultHandler)
                  20010c2c    00000054     gpiointerrupt.obj (.text:initTimer)
                  20010c80    00000054     drivers_cc32xx.a : UARTCC32XX.oem4 (.text:ringBufGet)
                  20010cd4    00000052                      : PowerCC32XX_asm.oem4 (.text:PowerCC32XX_resumeLPDS)
                  20010d26    00000052     rtsv7M4_T_le_eabi.lib : _printfi.c.obj (.text:_ecpy)
                  20010d78    00000052     drivers_cc32xx.a : TimerCC32XX.oem4 (.text:initHw)
                  20010dca    00000002     nortos_cc32xx.a : startup_cc32xx_ccs.oem4 (.text:faultISR)
                  20010dcc    00000050                     : ClockPSysTick_nortos.oem4 (.text:ClockP_sysTickHandler)
                  20010e1c    00000050                     : SemaphoreP_nortos.oem4 (.text:SemaphoreP_construct)
                  20010e6c    00000050     drivers_cc32xx.a : TimerCC32XX.oem4 (.text:TimerCC32XX_allocateTimerResource)
                  20010ebc    0000004c                      : GPIOCC32XX.oem4 (.text:GPIO_enableInt)
                  20010f08    0000004c                      : I2CCC32XX.oem4 (.text:I2CCC32XX_readRecieveFifo)
                  20010f54    0000004c                      : PowerCC32XX.oem4 (.text:PowerCC32XX_parkPin)
                  20010fa0    0000004c     rtsv7M4_T_le_eabi.lib : atoi.c.obj (.text:atoi)
                  20010fec    0000004c     drivers_cc32xx.a : PowerCC32XX.oem4 (.text:restorePeriphClocks)
                  20011038    0000004c     rtsv7M4_T_le_eabi.lib : snprintf.c.obj (.text:snprintf)
                  20011084    00000048     driverlib.a : flash.obj (.text:FlashDisable)
                  200110cc    00000048                 : prcm.obj (.text:PRCMLPDSEnter)
                  20011114    00000048                 : prcm.obj (.text:PRCMPeripheralClkEnable)
                  2001115c    00000048     drivers_cc32xx.a : PowerCC32XX.oem4 (.text:Power_releaseConstraint)
                  200111a4    00000048     rtsv7M4_T_le_eabi.lib : fd_toi_t2.asm.obj (.text)
                  200111ec    00000046     drivers_cc32xx.a : RingBuf.oem4 (.text:RingBuf_put)
                  20011232    00000046                      : TimerCC32XX.oem4 (.text:getPrescaler)
                  20011278    00000044     nortos_cc32xx.a : ClockPSysTick_nortos.oem4 (.text:ClockP_stop)
                  200112bc    00000044     driverlib.a : prcm.obj (.text:PRCMLPDSRestoreInfoSet)
                  20011300    00000044     drivers_cc32xx.a : PowerCC32XX_asm.oem4 (.text:PowerCC32XX_enterLPDS)
                  20011344    00000044     nortos_cc32xx.a : SemaphoreP_nortos.oem4 (.text:SemaphoreP_post)
                  20011388    00000044                     : SwiP_nortos.oem4 (.text:SwiP_restore)
                  200113cc    00000044     drivers_cc32xx.a : Timer.oem4 (.text:Timer_start)
                  20011410    00000044                      : UART.oem4 (.text:UART_init)
                  20011454    00000044     rtsv7M4_T_le_eabi.lib : autoinit.c.obj (.text:__TI_auto_init_nobinit_nopinit:__TI_auto_init_nobinit_nopinit)
                  20011498    00000044     gpiointerrupt.obj (.text:initUART)
                  200114dc    00000040     nortos_cc32xx.a : ClockPSysTick_nortos.oem4 (.text:ClockP_construct)
                  2001151c    00000040     driverlib.a : pin.obj (.text:PinModeSet)
                  2001155c    00000040     drivers_cc32xx.a : RingBuf.oem4 (.text:RingBuf_get)
                  2001159c    00000040                      : TimerCC32XX.oem4 (.text:TimerSupport_timerEnable)
                  200115dc    00000040                      : TimerCC32XX.oem4 (.text:Timer_close)
                  2001161c    00000040                      : UARTCC32XX.oem4 (.text:UARTCC32XX_read)
                  2001165c    00000040                      : UART.oem4 (.text:UART_open)
                  2001169c    0000003e     rtsv7M4_T_le_eabi.lib : _printfi.c.obj (.text:_fcpy)
                  200116da    00000002     nortos_cc32xx.a : startup_cc32xx_ccs.oem4 (.text:nmiISR)
                  200116dc    0000003c                     : ClockPSysTick_nortos.oem4 (.text:ClockP_destruct)
                  20011718    0000003c     drivers_cc32xx.a : PowerCC32XX.oem4 (.text:Power_setConstraint)
                  20011754    0000003a     nortos_cc32xx.a : PowerCC32XX_nortos.oem4 (.text:getCountsRTC)
                  2001178e    00000002     rtsv7M4_T_le_eabi.lib : div0.asm.obj (.text)
                  20011790    00000038     driverlib.a : prcm.obj (.text:PRCMLPDSEnterKeepDebugIf)
                  200117c8    00000038     nortos_cc32xx.a : ClockPSysTick_nortos.oem4 (.text:addToList)
                  20011800    00000038                     : startup_cc32xx_ccs.oem4 (.text:initVectors)
                  20011838    00000038     drivers_cc32xx.a : PowerCC32XX.oem4 (.text:notify)
                  20011870    00000038     rtsv7M4_T_le_eabi.lib : fs_toi_t2.asm.obj (.text)
                  200118a8    00000038                           : i_tofs_t2.asm.obj (.text)
                  200118e0    00000036     driverlib.a : timer.obj (.text:TimerControlStall)
                  20011916    00000036     drivers_cc32xx.a : Timer.oem4 (.text:Timer_stop)
                  2001194c    00000036                      : UARTCC32XX.oem4 (.text:UARTCC32XX_readCancel)
                  20011982    00000002     --HOLE-- [fill = 0]
                  20011984    00000034     nortos_cc32xx.a : ClockPSysTick_nortos.oem4 (.text:ClockP_getTicksUntilInterrupt)
                  200119b8    00000034                     : ClockPSysTick_nortos.oem4 (.text:ClockP_startup)
                  200119ec    00000034     driverlib.a : pin.obj (.text:PinModeGet)
                  20011a20    00000034     drivers_cc32xx.a : PowerCC32XX.oem4 (.text:PowerCC32XX_restoreParkState)
                  20011a54    00000034                      : TimerCC32XX.oem4 (.text:TimerCC32XX_freeTimerResource)
                  20011a88    00000034                      : TimerCC32XX.oem4 (.text:TimerCC32XX_hwiIntFunction)
                  20011abc    00000034                      : TimerCC32XX.oem4 (.text:getPowerMgrId)
                  20011af0    00000030     nortos_cc32xx.a : ClockPSysTick_nortos.oem4 (.text:ClockP_start)
                  20011b20    00000030     drivers_cc32xx.a : PowerCC32XX.oem4 (.text:PowerCC32XX_restoreParkedPin)
                  20011b50    00000030     rtsv7M4_T_le_eabi.lib : snprintf.c.obj (.text:_outs)
                  20011b80    0000002e                           : i_tofd_t2.asm.obj (.text)
                  20011bae    00000002     --HOLE-- [fill = 0]
                  20011bb0    0000002c     drivers_cc32xx.a : PowerCC32XX.oem4 (.text:PowerCC32XX_getParkState)
                  20011bdc    0000002a     nortos_cc32xx.a : HwiPCC32XX_nortos.oem4 (.text:HwiP_create)
                  20011c06    0000002a     driverlib.a : timer.obj (.text:TimerLoadSet)
                  20011c30    0000002a                 : timer.obj (.text:TimerPrescaleSet)
                  20011c5a    00000028                 : i2c.obj (.text:I2CFIFODataPutNonBlocking)
                  20011c82    00000002     --HOLE-- [fill = 0]
                  20011c84    00000028                 : prcm.obj (.text:PRCMPeripheralClkDisable)
                  20011cac    00000028     drivers_cc32xx.a : PowerCC32XX.oem4 (.text:Power_registerNotify)
                  20011cd4    00000028     rtsv7M4_T_le_eabi.lib : memory.c.obj (.text:free_list_insert)
                  20011cfc    00000026     driverlib.a : i2c.obj (.text:I2CFIFODataGetNonBlocking)
                  20011d22    00000026     drivers_cc32xx.a : I2C.oem4 (.text:I2C_cancel)
                  20011d48    00000026                      : List.oem4 (.text:List_put)
                  20011d6e    00000026                      : List.oem4 (.text:List_remove)
                  20011d94    00000024     nortos_cc32xx.a : HwiPCC32XX_nortos.oem4 (.text:HwiP_dispatch)
                  20011db8    00000024     drivers_cc32xx.a : PowerCC32XX.oem4 (.text:PowerCC32XX_reset)
                  20011ddc    00000024                      : TimerCC32XX.oem4 (.text:TimerSupport_timerDisable)
                  20011e00    00000024     rtsv7M4_T_le_eabi.lib : boot_cortex_m.c.obj (.text:_c_int00_noargs:_c_int00_noargs)
                  20011e24    00000022     driverlib.a : i2c.obj (.text:I2CMasterSlaveAddrSet)
                  20011e46    00000020     nortos_cc32xx.a : HwiPCC32XX_nortos.oem4 (.text:HwiP_destruct)
                  20011e66    00000002     --HOLE-- [fill = 0]
                  20011e68    00000020     drivers_cc32xx.a : PowerCC32XX.oem4 (.text:Power_unregisterNotify)
                  20011e88    00000020                      : RingBuf.oem4 (.text:RingBuf_peek)
                  20011ea8    00000020                      : UARTCC32XX.oem4 (.text:getPowerMgrId)
                  20011ec8    0000001e     driverlib.a : i2c.obj (.text:I2CMasterIntStatusEx)
                  20011ee6    0000001e     nortos_cc32xx.a : SemaphoreP_nortos.oem4 (.text:SemaphoreP_constructBinary)
                  20011f04    0000001e     driverlib.a : timer.obj (.text:TimerDisable)
                  20011f22    0000001e                 : timer.obj (.text:TimerEnable)
                  20011f40    0000001c                 : pin.obj (.text:PinToPadGet)
                  20011f5c    0000001c     nortos_cc32xx.a : SwiP_nortos.oem4 (.text:SwiP_disable)
                  20011f78    0000001c     rtsv7M4_T_le_eabi.lib : memory.c.obj (.text:free_list_remove)
                  20011f94    0000001c                           : memccpy.c.obj (.text:memccpy)
                  20011fb0    0000001a     nortos_cc32xx.a : ClockPSysTick_nortos.oem4 (.text:ClockP_create)
                  20011fca    0000001a                     : SemaphoreP_nortos.oem4 (.text:SemaphoreP_createBinary)
                  20011fe4    0000001a                     : startup_cc32xx_ccs.oem4 (.text:resetISR)
                  20011ffe    00000018     driverlib.a : i2c.obj (.text:I2CMasterBusBusy)
                  20012016    00000018                 : i2c.obj (.text:I2CMasterIntDisableEx)
                  2001202e    00000018                 : i2c.obj (.text:I2CMasterIntEnableEx)
                  20012046    00000018                 : i2c.obj (.text:I2CRxFIFOFlush)
                  2001205e    00000018                 : i2c.obj (.text:I2CTxFIFOFlush)
                  20012076    00000002     --HOLE-- [fill = 0]
                  20012078    00000018     drivers_cc32xx.a : PowerCC32XX.oem4 (.text:Power_getTransitionLatency)
                  20012090    00000018                      : PowerCC32XX.oem4 (.text:Power_idleFunc)
                  200120a8    00000018     driverlib.a : timer.obj (.text:TimerIntDisable)
                  200120c0    00000018                 : timer.obj (.text:TimerIntEnable)
                  200120d8    00000018                 : uart.obj (.text:UARTBusy)
                  200120f0    00000018                 : uart.obj (.text:UARTIntEnable)
                  20012108    00000018     drivers_cc32xx.a : UART.oem4 (.text:UART_Params_init)
                  20012120    00000018     rtsv7M4_T_le_eabi.lib : snprintf.c.obj (.text:_outc)
                  20012138    00000018                           : ll_mul_t2.asm.obj (.text)
                  20012150    00000018     gpiointerrupt.obj (.text:timerCallback)
                  20012168    00000016     driverlib.a : i2c.obj (.text:I2CMasterBurstLengthSet)
                  2001217e    00000016                 : prcm.obj (.text:PRCMHIBRegRead)
                  20012194    00000016                 : prcm.obj (.text:PRCMHIBRegWrite)
                  200121aa    00000016     nortos_cc32xx.a : SemaphoreP_nortos.oem4 (.text:SemaphoreP_create)
                  200121c0    00000016     rtsv7M4_T_le_eabi.lib : strchr.c.obj (.text:strchr)
                  200121d6    00000014     driverlib.a : cpu.obj (.text:CPUcpsid)
                  200121ea    00000002     --HOLE-- [fill = 0]
                  200121ec    00000014     nortos_cc32xx.a : HwiPCC32XX_nortos.oem4 (.text:HwiP_inISR)
                  20012200    00000014     drivers_cc32xx.a : I2CCC32XX.oem4 (.text:I2CSupport_masterFinish)
                  20012214    00000014                      : I2C.oem4 (.text:I2C_transfer)
                  20012228    00000014     driverlib.a : interrupt.obj (.text:IntVTableBaseSet)
                  2001223c    00000014     drivers_cc32xx.a : PowerCC32XX.oem4 (.text:Power_disablePolicy)
                  20012250    00000014                      : PowerCC32XX.oem4 (.text:Power_getDependencyCount)
                  20012264    00000014                      : UARTCC32XX.oem4 (.text:releasePowerConstraint)
                  20012278    00000014     rtsv7M4_T_le_eabi.lib : strlen.c.obj (.text:strlen)
                  2001228c    00000012     nortos_cc32xx.a : HwiPCC32XX_nortos.oem4 (.text:HwiP_Params_init)
                  2001229e    00000012     driverlib.a : i2c.obj (.text:I2CMasterIntClearEx)
                  200122b0    00000012     drivers_cc32xx.a : RingBuf.oem4 (.text:RingBuf_construct)
                  200122c2    00000012     driverlib.a : timer.obj (.text:TimerIntClear)
                  200122d4    00000012     main_nortos.obj (.text:main)
                  200122e6    00000012     rtsv7M4_T_le_eabi.lib : wcslen.c.obj (.text:wcslen)
                  200122f8    00000010     ti_drivers_config.obj (.text:Board_init)
                  20012308    00000010     nortos_cc32xx.a : ClockPSysTick_nortos.oem4 (.text:ClockP_add)
                  20012318    00000010                     : ClockPSysTick_nortos.oem4 (.text:ClockP_delete)
                  20012328    00000010                     : ClockPSysTick_nortos.oem4 (.text:ClockP_getCpuFreq)
                  20012338    00000010                     : ClockPSysTick_nortos.oem4 (.text:ClockP_getSystemTicks)
                  20012348    00000010                     : ClockPSysTick_nortos.oem4 (.text:ClockP_setTicks)
                  20012358    00000010                     : HwiPCC32XX_nortos.oem4 (.text:HwiP_delete)
                  20012368    00000010                     : HwiPCC32XX_nortos.oem4 (.text:HwiP_restore)
                  20012378    00000010     driverlib.a : i2c.obj (.text:I2CFIFOStatus)
                  20012388    00000010     drivers_cc32xx.a : I2C.oem4 (.text:I2C_Params_init)
                  20012398    00000010                      : PowerCC32XX.oem4 (.text:Power_enablePolicy)
                  200123a8    00000010     nortos_cc32xx.a : SemaphoreP_nortos.oem4 (.text:SemaphoreP_Params_init)
                  200123b8    00000010     drivers_cc32xx.a : Timer.oem4 (.text:Timer_Params_init)
                  200123c8    00000010                      : UARTCC32XX.oem4 (.text:readBlockingTimeout)
                  200123d8    0000000e     nortos_cc32xx.a : HwiPCC32XX_nortos.oem4 (.text:HwiP_clearInterrupt)
                  200123e6    0000000e                     : HwiPCC32XX_nortos.oem4 (.text:HwiP_disable)
                  200123f4    0000000e                     : HwiPCC32XX_nortos.oem4 (.text:HwiP_disableInterrupt)
                  20012402    0000000e                     : HwiPCC32XX_nortos.oem4 (.text:HwiP_enable)
                  20012410    0000000e                     : HwiPCC32XX_nortos.oem4 (.text:HwiP_enableInterrupt)
                  2001241e    0000000e     drivers_cc32xx.a : I2CCC32XX.oem4 (.text:I2CCC32XX_updateReg)
                  2001242c    0000000e                      : RingBuf.oem4 (.text:RingBuf_isFull)
                  2001243a    0000000e     rtsv7M4_T_le_eabi.lib : copy_decompress_none.c.obj (.text:decompress:none:__TI_decompress_none)
                  20012448    0000000e     gpiointerrupt.obj (.text:gpioButtonFxn0)
                  20012456    0000000c     drivers_cc32xx.a : I2CCC32XX.oem4 (.text:I2CCC32XX_postNotify)
                  20012462    00000002     --HOLE-- [fill = 0]
                  20012464    0000000c                      : PowerCC32XX.oem4 (.text:Power_getConstraintMask)
                  20012470    0000000c     rtsv7M4_T_le_eabi.lib : s_copysign.c.obj (.text:copysign)
                  2001247c    0000000c                           : copy_zero_init.c.obj (.text:decompress:ZI:__TI_zero_init)
                  20012488    0000000c     gpiointerrupt.obj (.text:gpioButtonFxn1)
                  20012494    0000000c     drivers_cc32xx.a : TimerCC32XX.oem4 (.text:postNotifyFxn)
                  200124a0    0000000c                      : UARTCC32XX.oem4 (.text:postNotifyFxn)
                  200124ac    0000000a     nortos_cc32xx.a : ClockPSysTick_nortos.oem4 (.text:ClockP_Params_init)
                  200124b6    0000000a                     : ClockPSysTick_nortos.oem4 (.text:ClockP_isActive)
                  200124c0    0000000a     driverlib.a : interrupt.obj (.text:IntMasterDisable)
                  200124ca    0000000a     drivers_cc32xx.a : UART.oem4 (.text:UART_write)
                  200124d4    00000008                      : I2CCC32XX.oem4 (.text:I2CCC32XX_blockingCallback)
                  200124dc    00000008     rtsv7M4_T_le_eabi.lib : errno.c.obj (.text:__aeabi_errno_addr)
                  200124e4    00000008                           : memory.c.obj (.text:malloc)
                  200124ec    00000008     drivers_cc32xx.a : UARTCC32XX.oem4 (.text:readSemCallback)
                  200124f4    00000008                      : UARTCC32XX.oem4 (.text:writeSemCallback)
                  200124fc    00000006                      : I2CCC32XX.oem4 (.text:I2CSupport_powerRelConstraint)
                  20012502    00000006                      : I2CCC32XX.oem4 (.text:I2CSupport_powerSetConstraint)
                  20012508    00000006     driverlib.a : utils.obj (.text:UtilsDelay)
                  2001250e    00000004     nortos_cc32xx.a : ClockPSysTick_nortos.oem4 (.text:ClockP_setTimeout)
                  20012512    00000004                     : HwiPCC32XX_nortos.oem4 (.text:HwiP_post)
                  20012516    00000004                     : SemaphoreP_nortos.oem4 (.text:SemaphoreP_delete)
                  2001251a    00000004     rtsv7M4_T_le_eabi.lib : pre_init.c.obj (.text:_system_pre_init)
                  2001251e    00000004                           : exit.c.obj (.text:abort:abort)

.const     0    20012aec    00000502     
                  20012aec    00000101     rtsv7M4_T_le_eabi.lib : ctype.c.obj (.const:.string:_ctypes_)
                  20012bed    00000003     --HOLE-- [fill = 0]
                  20012bf0    00000100     driverlib.a : pin.obj (.const:g_ulPinToPadMap)
                  20012cf0    000000a8                 : prcm.obj (.const:PRCM_PeriphRegsList)
                  20012d98    00000044     ti_drivers_config.obj (.const:PowerCC32XX_config)
                  20012ddc    00000028     drivers_cc32xx.a : UARTCC32XX.oem4 (.const:UARTCC32XX_fxnTable)
                  20012e04    00000024                      : UART.oem4 (.const:UART_defaultParams)
                  20012e28    00000024     ti_drivers_config.obj (.const:uartCC32XXHWAttrs0)
                  20012e4c    00000021     drivers_cc32xx.a : GPIOCC32XX.oem4 (.const:.string:pinTable)
                  20012e6d    00000003     --HOLE-- [fill = 0]
                  20012e70    00000020                      : UARTCC32XX.oem4 (.const:staticFxnTable)
                  20012e90    00000018     driverlib.a : interrupt.obj (.const:g_pulEnRegs)
                  20012ea8    00000018                 : interrupt.obj (.const:g_pulPendRegs)
                  20012ec0    00000018     gpiointerrupt.obj (.const:sensors)
                  20012ed8    00000014     ti_drivers_config.obj (.const:GPIOCC32XX_config)
                  20012eec    00000014     drivers_cc32xx.a : GPIOCC32XX.oem4 (.const:gpioBaseAddresses)
                  20012f00    00000014     ti_drivers_config.obj (.const:i2cCC32XXHWAttrs)
                  20012f14    00000014     drivers_cc32xx.a : UARTCC32XX.oem4 (.const:parityType)
                  20012f28    00000014                      : GPIOCC32XX.oem4 (.const:powerResources)
                  20012f3c    00000010                      : I2C.oem4 (.const:I2C_defaultParams)
                  20012f4c    00000010                      : I2CCC32XX.oem4 (.const:I2C_defaultParams)
                  20012f5c    00000010                      : UARTCC32XX.oem4 (.const:dataLength)
                  20012f6c    00000010     ti_drivers_config.obj (.const:timerCC32XXHWAttrs)
                  20012f7c    0000000c     gpiointerrupt.obj (.const:.string)
                  20012f88    0000000c     ti_drivers_config.obj (.const:UART_config)
                  20012f94    0000000c     drivers_cc32xx.a : Timer.oem4 (.const:defaultParams)
                  20012fa0    0000000c                      : TimerCC32XX.oem4 (.const:defaultParams)
                  20012fac    00000009     ti_drivers_config.obj (.const)
                  20012fb5    00000003     --HOLE-- [fill = 0]
                  20012fb8    00000008     ti_drivers_config.obj (.const:I2C_config)
                  20012fc0    00000008     ti_drivers_config.obj (.const:Timer_config)
                  20012fc8    00000008     drivers_cc32xx.a : GPIOCC32XX.oem4 (.const:outPinTypes)
                  20012fd0    00000008                      : UARTCC32XX.oem4 (.const:stopBits)
                  20012fd8    00000006                      : GPIOCC32XX.oem4 (.const:.string:interruptType)
                  20012fde    00000006                      : GPIOCC32XX.oem4 (.const:inPinTypes)
                  20012fe4    00000006                      : GPIOCC32XX.oem4 (.const:outPinStrengths)
                  20012fea    00000004                      : GPIOCC32XX.oem4 (.const:.string:portInterruptIds)

.cinit     0    20013418    000000f0     
                  20013418    000000cb     (.cinit..data.load) [load image, compression = lzss]
                  200134e3    00000001     --HOLE-- [fill = 0]
                  200134e4    0000000c     (__TI_handler_table)
                  200134f0    00000008     (.cinit..bss.load) [load image, compression = zero_init]
                  200134f8    00000010     (__TI_cinit_table)

.init_array 
*          0    20004000    00000000     UNINITIALIZED

.ramVecs   0    20000000    0000030c     NOLOAD SECTION
                  20000000    0000030c     nortos_cc32xx.a : startup_cc32xx_ccs.oem4 (.ramVecs)

.stack     0    20003000    00001000     UNINITIALIZED
                  20003000    00000004     rtsv7M4_T_le_eabi.lib : boot_cortex_m.c.obj (.stack)
                  20003004    00000ffc     --HOLE--

.resetVecs 
*          0    20004000    00000040     
                  20004000    00000040     nortos_cc32xx.a : startup_cc32xx_ccs.oem4 (.resetVecs:retain)

.sysmem    0    20004040    00008000     UNINITIALIZED
                  20004040    00000010     rtsv7M4_T_le_eabi.lib : memory.c.obj (.sysmem)
                  20004050    00007ff0     --HOLE--

.data      0    20012524    000005c8     UNINITIALIZED
                  20012524    0000030c     nortos_cc32xx.a : HwiPCC32XX_nortos.oem4 (.data:HwiP_dispatchTable)
                  20012830    0000016c     drivers_cc32xx.a : PowerCC32XX.oem4 (.data:PowerCC32XX_module)
                  2001299c    000000f8     ti_drivers_config.obj (.data:parkInfo)
                  20012a94    0000000c     ti_drivers_config.obj (.data:gpioCallbackFunctions)
                  20012aa0    0000000c     ti_drivers_config.obj (.data:gpioPinConfigs)
                  20012aac    00000009     drivers_cc32xx.a : GPIOCC32XX.oem4 (.data)
                  20012ab5    00000003     nortos_cc32xx.a : SemaphoreP_nortos.oem4 (.data)
                  20012ab8    00000008     rtsv7M4_T_le_eabi.lib : _lock.c.obj (.data:$O1$$)
                  20012ac0    00000008                           : memory.c.obj (.data:$O1$$)
                  20012ac8    00000008     nortos_cc32xx.a : SemaphoreP_nortos.oem4 (.data:SemaphoreP_defaultParams)
                  20012ad0    00000008                     : HwiPCC32XX_nortos.oem4 (.data)
                  20012ad8    00000006     gpiointerrupt.obj (.data)
                  20012ade    00000001     drivers_cc32xx.a : UART.oem4 (.data)
                  20012adf    00000001     --HOLE--
                  20012ae0    00000005     nortos_cc32xx.a : ClockPSysTick_nortos.oem4 (.data)
                  20012ae5    00000003     --HOLE--
                  20012ae8    00000004     rtsv7M4_T_le_eabi.lib : errno.c.obj (.data)

.bss       0    20012ff0    00000424     UNINITIALIZED
                  20012ff0    0000012c     (.common:PowerCC32XX_contextSave)
                  2001311c    000000fc     (.common:i2cCC32XXObjects)
                  20013218    00000084     (.common:timerCC32XXObjects)
                  2001329c    00000084     (.common:uartCC32XXObjects0)
                  20013320    00000040     (.common:output)
                  20013360    00000020     drivers_cc32xx.a : GPIOCC32XX.oem4 (.bss:gpioCallbackInfo)
                  20013380    00000020     ti_drivers_config.obj (.bss:uartCC32XXRingBuffer0)
                  200133a0    00000020     (.common:i2cTransaction)
                  200133c0    00000014     drivers_cc32xx.a : GPIOCC32XX.oem4 (.bss:powerNotifyObj)
                  200133d4    00000004                      : GPIOCC32XX.oem4 (.bss)
                  200133d8    00000010     (.common:ClockP_ctrl)
                  200133e8    0000000d     nortos_cc32xx.a : SwiP_nortos.oem4 (.bss)
                  200133f5    00000003     --HOLE--
                  200133f8    00000004                     : ClockPSysTick_nortos.oem4 (.bss)
                  200133fc    00000004     drivers_cc32xx.a : TimerCC32XX.oem4 (.bss:timerState)
                  20013400    00000004     (.common:i2c)
                  20013404    00000004     (.common:rxBuffer)
                  20013408    00000004     (.common:timer0)
                  2001340c    00000004     (.common:txBuffer)
                  20013410    00000004     (.common:uart)

.log_data 
*          0    90000000    00000000     COPY SECTION

__llvm_prf_cnts 
*          0    20004000    00000000     UNINITIALIZED

MODULE SUMMARY

       Module                       code    ro data   rw data
       ------                       ----    -------   -------
    .\
       gpiointerrupt.obj            1494    36        122    
       main_nortos.obj              18      0         0      
    +--+----------------------------+-------+---------+---------+
       Total:                       1512    36        122    
                                                             
    .\syscfg\
       ti_drivers_config.obj        18      197       820    
    +--+----------------------------+-------+---------+---------+
       Total:                       18      197       820    
                                                             
    C:/ti/simplelink_cc32xx_sdk_5_20_00_06/kernel/nortos/lib/ccs/m4/nortos_cc32xx.a
       HwiPCC32XX_nortos.oem4       394     0         788    
       startup_cc32xx_ccs.oem4      90      64        780    
       ClockPSysTick_nortos.oem4    702     0         25     
       PowerCC32XX_nortos.oem4      472     0         0      
       SemaphoreP_nortos.oem4       410     0         11     
       SwiP_nortos.oem4             96      0         13     
    +--+----------------------------+-------+---------+---------+
       Total:                       2164    64        1617   
                                                             
    C:/ti/simplelink_cc32xx_sdk_5_20_00_06/source/ti/devices/cc32xx/driverlib/ccs/Release/driverlib.a
       prcm.obj                     1604    168       0      
       pin.obj                      280     256       0      
       interrupt.obj                334     48        0      
       i2c.obj                      318     0         0      
       timer.obj                    264     0         0      
       flash.obj                    72      0         0      
       uart.obj                     48      0         0      
       cpu.obj                      20      0         0      
       utils.obj                    6       0         0      
    +--+----------------------------+-------+---------+---------+
       Total:                       2946    472       0      
                                                             
    C:/ti/simplelink_cc32xx_sdk_5_20_00_06/source/ti/drivers/lib/ccs/m4/drivers_cc32xx.a
       UARTCC32XX.oem4              3466    116       0      
       PowerCC32XX.oem4             2432    0         664    
       GPIOCC32XX.oem4              1308    103       65     
       I2CCC32XX.oem4               1452    16        0      
       TimerCC32XX.oem4             876     12        4      
       I2C.oem4                     366     16        0      
       UART.oem4                    166     36        1      
       RingBuf.oem4                 198     0         0      
       Timer.oem4                   140     12        0      
       PowerCC32XX_asm.oem4         150     0         0      
       List.oem4                    76      0         0      
    +--+----------------------------+-------+---------+---------+
       Total:                       10630   311       734    
                                                             
    C:\ti\ccs1031\ccs\tools\compiler\ti-cgt-arm_20.2.4.LTS\lib\rtsv7M4_T_le_eabi.lib
       _printfi.c.obj               4835    0         0      
       memory.c.obj                 672     0         8      
       fd_add_t2.asm.obj            438     0         0      
       fd_div_t2.asm.obj            310     0         0      
       fd_cmp_t2.asm.obj            268     0         0      
       ctype.c.obj                  0       257       0      
       fd_mul_t2.asm.obj            252     0         0      
       s_scalbn.c.obj               208     0         0      
       memcpy_t2.asm.obj            156     0         0      
       ull_div_t2.asm.obj           150     0         0      
       snprintf.c.obj               148     0         0      
       fs_mul_t2.asm.obj            122     0         0      
       memset_t2.asm.obj            122     0         0      
       copy_decompress_lzss.c.obj   104     0         0      
       s_frexp.c.obj                92      0         0      
       _ltoa.c.obj                  84      0         0      
       atoi.c.obj                   76      0         0      
       fd_toi_t2.asm.obj            72      0         0      
       autoinit.c.obj               68      0         0      
       fs_toi_t2.asm.obj            56      0         0      
       i_tofs_t2.asm.obj            56      0         0      
       i_tofd_t2.asm.obj            46      0         0      
       boot_cortex_m.c.obj          36      0         0      
       memccpy.c.obj                28      0         0      
       ll_mul_t2.asm.obj            24      0         0      
       strchr.c.obj                 22      0         0      
       strlen.c.obj                 20      0         0      
       wcslen.c.obj                 18      0         0      
       copy_decompress_none.c.obj   14      0         0      
       copy_zero_init.c.obj         12      0         0      
       errno.c.obj                  8       0         4      
       s_copysign.c.obj             12      0         0      
       _lock.c.obj                  2       0         8      
       exit.c.obj                   4       0         0      
       pre_init.c.obj               4       0         0      
       div0.asm.obj                 2       0         0      
    +--+----------------------------+-------+---------+---------+
       Total:                       8541    257       20     
                                                             
       Heap:                        0       0         32768  
       Stack:                       0       0         4096   
       Linker Generated:            0       239       0      
    +--+----------------------------+-------+---------+---------+
       Grand Total:                 25811   1576      40177  


LINKER GENERATED COPY TABLES

__TI_cinit_table @ 200134f8 records: 2, size/record: 8, table size: 16
	.data: load addr=20013418, load size=000000cb bytes, run addr=20012524, run size=000005c8 bytes, compression=lzss
	.bss: load addr=200134f0, load size=00000008 bytes, run addr=20012ff0, run size=00000424 bytes, compression=zero_init


LINKER GENERATED HANDLER TABLE

__TI_handler_table @ 200134e4 records: 3, size/record: 4, table size: 12
	index: 0, handler: __TI_decompress_lzss
	index: 1, handler: __TI_decompress_none
	index: 2, handler: __TI_zero_init


GLOBAL SYMBOLS: SORTED ALPHABETICALLY BY Name 

address   name                             
-------   ----                             
200122f9  Board_init                       
2000ca8f  Board_initHook                   
2001251f  C$$EXIT                          
20012fac  CONFIG_GPIO_BUTTON_0_CONST       
20012fad  CONFIG_GPIO_BUTTON_1_CONST       
20012fae  CONFIG_GPIO_LED_0_CONST          
20012faf  CONFIG_I2C_0_CONST               
20012fb1  CONFIG_TIMER_0_CONST             
20012fb3  CONFIG_UART_0_CONST              
200121d7  CPUcpsid                         
200124ad  ClockP_Params_init               
20012309  ClockP_add                       
200114dd  ClockP_construct                 
20011fb1  ClockP_create                    
200133d8  ClockP_ctrl                      
20012319  ClockP_delete                    
200116dd  ClockP_destruct                  
20010dcd  ClockP_doTick                    
20012329  ClockP_getCpuFreq                
20012339  ClockP_getSystemTicks            
20011985  ClockP_getTicksUntilInterrupt    
200124b7  ClockP_isActive                  
20012349  ClockP_setTicks                  
2001250f  ClockP_setTimeout                
20011af1  ClockP_start                     
200119b9  ClockP_startup                   
20011279  ClockP_stop                      
20010dcd  ClockP_sysTickHandler            
20012ae0  ClockP_tickPeriod                
20011085  FlashDisable                     
20012ed8  GPIOCC32XX_config                
20010ebd  GPIO_enableInt                   
2001045d  GPIO_hwiIntFxn                   
2000f0fd  GPIO_init                        
20010965  GPIO_setCallback                 
2000d5fd  GPIO_setConfig                   
200107d9  GPIO_toggle                      
20010a79  GPIO_write                       
2001228d  HwiP_Params_init                 
200123d9  HwiP_clearInterrupt              
2000fe41  HwiP_construct                   
20011bdd  HwiP_create                      
20012359  HwiP_delete                      
20011e47  HwiP_destruct                    
200123e7  HwiP_disable                     
200123f5  HwiP_disableInterrupt            
20011d95  HwiP_dispatch                    
20012403  HwiP_enable                      
20012411  HwiP_enableInterrupt             
200121ed  HwiP_inISR                       
20012ad0  HwiP_key                         
20012513  HwiP_post                        
20012369  HwiP_restore                     
20012ad4  HwiP_swiPIntNum                  
20011cfd  I2CFIFODataGetNonBlocking        
20011c5b  I2CFIFODataPutNonBlocking        
20012379  I2CFIFOStatus                    
20012169  I2CMasterBurstLengthSet          
20011fff  I2CMasterBusBusy                 
2001229f  I2CMasterIntClearEx              
20012017  I2CMasterIntDisableEx            
2001202f  I2CMasterIntEnableEx             
20011ec9  I2CMasterIntStatusEx             
20011e25  I2CMasterSlaveAddrSet            
20012047  I2CRxFIFOFlush                   
20012201  I2CSupport_masterFinish          
200124fd  I2CSupport_powerRelConstraint    
20012503  I2CSupport_powerSetConstraint    
2001069f  I2CSupport_primeTransfer         
2001205f  I2CTxFIFOFlush                   
20012389  I2C_Params_init                  
20011d23  I2C_cancel                       
20012fb8  I2C_config                       
20012fb0  I2C_count                        
20012f3c  I2C_defaultParams                
2000db63  I2C_init                         
2000eb91  I2C_open                         
20012215  I2C_transfer                     
2000e60f  I2C_transferTimeout              
UNDEFED   ITM_flush                        
UNDEFED   ITM_restore                      
2000f815  IntEnable                        
200124c1  IntMasterDisable                 
2000fecd  IntPendSet                       
20012229  IntVTableBaseSet                 
20012adc  L_Button_Flag                    
20011d49  List_put                         
20011d6f  List_remove                      
20012403  NoRTOS_start                     
2000ca91  PRCMCC3200MCUInit                
2001217f  PRCMHIBRegRead                   
20012195  PRCMHIBRegWrite                  
200110cd  PRCMLPDSEnter                    
20011791  PRCMLPDSEnterKeepDebugIf         
200112bd  PRCMLPDSRestoreInfoSet           
20011c85  PRCMPeripheralClkDisable         
20011115  PRCMPeripheralClkEnable          
20010ad1  PRCMPeripheralReset              
20010905  PRCMSysResetCauseGet             
2000ff55  PinConfigSet                     
200119ed  PinModeGet                       
2001151d  PinModeSet                       
20011f41  PinToPadGet                      
20012d98  PowerCC32XX_config               
2000f8bd  PowerCC32XX_configureWakeup      
20012ff0  PowerCC32XX_contextSave          
20011301  PowerCC32XX_enterLPDS            
20011bb1  PowerCC32XX_getParkState         
2000ee7b  PowerCC32XX_initPolicy           
20012830  PowerCC32XX_module               
20010f55  PowerCC32XX_parkPin              
20011db9  PowerCC32XX_reset                
20011a21  PowerCC32XX_restoreParkState     
20011b21  PowerCC32XX_restoreParkedPin     
20010cd5  PowerCC32XX_resumeLPDS           
2001083d  PowerCC32XX_setParkState         
2000db65  PowerCC32XX_sleepPolicy          
2001223d  Power_disablePolicy              
20012399  Power_enablePolicy               
20012465  Power_getConstraintMask          
20012251  Power_getDependencyCount         
20012079  Power_getTransitionLatency       
20012091  Power_idleFunc                   
200100e9  Power_init                       
20011cad  Power_registerNotify             
2001115d  Power_releaseConstraint          
20010b29  Power_releaseDependency          
20011719  Power_setConstraint              
200101f1  Power_setDependency              
2000e269  Power_sleep                      
20011e69  Power_unregisterNotify           
20012ada  R_Button_Flag                    
200122b1  RingBuf_construct                
2001155d  RingBuf_get                      
2001242d  RingBuf_isFull                   
20011e89  RingBuf_peek                     
200111ed  RingBuf_put                      
200123a9  SemaphoreP_Params_init           
20010e1d  SemaphoreP_construct             
20011ee7  SemaphoreP_constructBinary       
200121ab  SemaphoreP_create                
20011fcb  SemaphoreP_createBinary          
20012ac8  SemaphoreP_defaultParams         
20012517  SemaphoreP_delete                
2000f0fb  SemaphoreP_destruct              
2000faa9  SemaphoreP_pend                  
20011345  SemaphoreP_post                  
20011f5d  SwiP_disable                     
20011389  SwiP_restore                     
20010e6d  TimerCC32XX_allocateTimerResource
20011a55  TimerCC32XX_freeTimerResource    
200118e1  TimerControlStall                
20011f05  TimerDisable                     
20011f23  TimerEnable                      
20012ad8  TimerFlag                        
200122c3  TimerIntClear                    
200120a9  TimerIntDisable                  
200120c1  TimerIntEnable                   
20011c07  TimerLoadSet                     
20011c31  TimerPrescaleSet                 
20011ddd  TimerSupport_timerDisable        
2001159d  TimerSupport_timerEnable         
200123b9  Timer_Params_init                
200115dd  Timer_close                      
20012fc0  Timer_config                     
20012fb2  Timer_count                      
2000f33b  Timer_init                       
2000e3a1  Timer_open                       
200113cd  Timer_start                      
20011917  Timer_stop                       
200120d9  UARTBusy                         
2000e731  UARTCC32XX_close                 
2000ed89  UARTCC32XX_control               
20012ddc  UARTCC32XX_fxnTable              
2000fdaf  UARTCC32XX_init                  
2000cebd  UARTCC32XX_open                  
2001161d  UARTCC32XX_read                  
2001194d  UARTCC32XX_readCancel            
2000f281  UARTCC32XX_readPolling           
2000f031  UARTCC32XX_write                 
20010771  UARTCC32XX_writeCancel           
200108a1  UARTCC32XX_writePolling          
200120f1  UARTIntEnable                    
20012109  UART_Params_init                 
20012f88  UART_config                      
20012fb4  UART_count                       
20012e04  UART_defaultParams               
20011411  UART_init                        
2001165d  UART_open                        
200124cb  UART_write                       
20012509  UtilsDelay                       
20004000  __STACK_END                      
00001000  __STACK_SIZE                     
00008000  __SYSMEM_SIZE                    
200134f8  __TI_CINIT_Base                  
20013508  __TI_CINIT_Limit                 
200134e4  __TI_Handler_Table_Base          
200134f0  __TI_Handler_Table_Limit         
20011455  __TI_auto_init_nobinit_nopinit   
20010709  __TI_decompress_lzss             
2001243b  __TI_decompress_none             
20010bd7  __TI_ltoa                        
ffffffff  __TI_pprof_out_hndl              
2000c041  __TI_printfi                     
ffffffff  __TI_prof_data_size              
ffffffff  __TI_prof_data_start             
20013418  __TI_static_base__               
2001247d  __TI_zero_init                   
2000ffdd  __aeabi_cdcmpeq                  
2000ffdd  __aeabi_cdcmple                  
20010063  __aeabi_cdrcmple                 
200111a5  __aeabi_d2iz                     
2000d9b7  __aeabi_dadd                     
2000e4d9  __aeabi_ddiv                     
2000ec8d  __aeabi_dmul                     
2000d9ad  __aeabi_dsub                     
200124dd  __aeabi_errno_addr               
20011871  __aeabi_f2iz                     
20010367  __aeabi_fmul                     
20011b81  __aeabi_i2d                      
200118a9  __aeabi_i2f                      
2001178f  __aeabi_idiv0                    
2001178f  __aeabi_ldiv0                    
20012139  __aeabi_lmul                     
200103e1  __aeabi_memclr                   
200103e1  __aeabi_memclr4                  
200103e1  __aeabi_memclr8                  
2000fbe5  __aeabi_memcpy                   
2000fbe5  __aeabi_memcpy4                  
2000fbe5  __aeabi_memcpy8                  
200103e3  __aeabi_memset                   
200103e3  __aeabi_memset4                  
200103e3  __aeabi_memset8                  
2000fd19  __aeabi_uldivmod                 
ffffffff  __binit__                        
ffffffff  __c_args__                       
UNDEFED   __mpu_init                       
20003000  __stack                          
20004000  __start___llvm_prf_cnts          
20004000  __stop___llvm_prf_cnts           
20011e01  _c_int00_noargs                  
20012aec  _ctypes_                         
20012ab8  _lock                            
2001045b  _nop                             
20004040  _sys_memory                      
UNDEFED   _system_post_cinit               
2001251b  _system_pre_init                 
20012abc  _unlock                          
2001251f  abort                            
2000ea91  aligned_alloc                    
20010fa1  atoi                             
ffffffff  binit                            
20010903  clkFxn                           
20012471  copysign                         
20012471  copysignl                        
20012ae8  errno                            
2000ee7d  free                             
200109c1  frexp                            
200109c1  frexpl                           
20012449  gpioButtonFxn0                   
20012489  gpioButtonFxn1                   
20012a94  gpioCallbackFunctions            
20012aa0  gpioPinConfigs                   
20013400  i2c                              
20012f00  i2cCC32XXHWAttrs                 
2001311c  i2cCC32XXObjects                 
200133a0  i2cTransaction                   
20012fde  inPinTypes                       
2000d3ad  initI2C                          
20010c2d  initTimer                        
20011499  initUART                         
20011801  initVectors                      
2000ef61  ldexp                            
2000ef61  ldexpl                           
200122d5  main                             
2000dd01  mainThread                       
200124e5  malloc                           
2000ea91  memalign                         
20011f95  memccpy                          
2000fbe5  memcpy                           
200103e9  memset                           
20012fe4  outPinStrengths                  
20012fc8  outPinTypes                      
20013320  output                           
2001299c  parkInfo                         
2000e971  readTemp                         
20011fe5  resetISR                         
20011ff8  resetVectorAddr                  
20004000  resetVectors                     
20013404  rxBuffer                         
2000ef61  scalbn                           
2000ef61  scalbnl                          
20011039  snprintf                         
200121c1  strchr                           
20012279  strlen                           
20013408  timer0                           
20012f6c  timerCC32XXHWAttrs               
20013218  timerCC32XXObjects               
20012151  timerCallback                    
2001340c  txBuffer                         
20013410  uart                             
2001329c  uartCC32XXObjects0               
200122e7  wcslen                           


GLOBAL SYMBOLS: SORTED BY Symbol Address 

address   name                             
-------   ----                             
00001000  __STACK_SIZE                     
00008000  __SYSMEM_SIZE                    
20003000  __stack                          
20004000  __STACK_END                      
20004000  __start___llvm_prf_cnts          
20004000  __stop___llvm_prf_cnts           
20004000  resetVectors                     
20004040  _sys_memory                      
2000c041  __TI_printfi                     
2000ca8f  Board_initHook                   
2000ca91  PRCMCC3200MCUInit                
2000cebd  UARTCC32XX_open                  
2000d3ad  initI2C                          
2000d5fd  GPIO_setConfig                   
2000d9ad  __aeabi_dsub                     
2000d9b7  __aeabi_dadd                     
2000db63  I2C_init                         
2000db65  PowerCC32XX_sleepPolicy          
2000dd01  mainThread                       
2000e269  Power_sleep                      
2000e3a1  Timer_open                       
2000e4d9  __aeabi_ddiv                     
2000e60f  I2C_transferTimeout              
2000e731  UARTCC32XX_close                 
2000e971  readTemp                         
2000ea91  aligned_alloc                    
2000ea91  memalign                         
2000eb91  I2C_open                         
2000ec8d  __aeabi_dmul                     
2000ed89  UARTCC32XX_control               
2000ee7b  PowerCC32XX_initPolicy           
2000ee7d  free                             
2000ef61  ldexp                            
2000ef61  ldexpl                           
2000ef61  scalbn                           
2000ef61  scalbnl                          
2000f031  UARTCC32XX_write                 
2000f0fb  SemaphoreP_destruct              
2000f0fd  GPIO_init                        
2000f281  UARTCC32XX_readPolling           
2000f33b  Timer_init                       
2000f815  IntEnable                        
2000f8bd  PowerCC32XX_configureWakeup      
2000faa9  SemaphoreP_pend                  
2000fbe5  __aeabi_memcpy                   
2000fbe5  __aeabi_memcpy4                  
2000fbe5  __aeabi_memcpy8                  
2000fbe5  memcpy                           
2000fd19  __aeabi_uldivmod                 
2000fdaf  UARTCC32XX_init                  
2000fe41  HwiP_construct                   
2000fecd  IntPendSet                       
2000ff55  PinConfigSet                     
2000ffdd  __aeabi_cdcmpeq                  
2000ffdd  __aeabi_cdcmple                  
20010063  __aeabi_cdrcmple                 
200100e9  Power_init                       
200101f1  Power_setDependency              
20010367  __aeabi_fmul                     
200103e1  __aeabi_memclr                   
200103e1  __aeabi_memclr4                  
200103e1  __aeabi_memclr8                  
200103e3  __aeabi_memset                   
200103e3  __aeabi_memset4                  
200103e3  __aeabi_memset8                  
200103e9  memset                           
2001045b  _nop                             
2001045d  GPIO_hwiIntFxn                   
2001069f  I2CSupport_primeTransfer         
20010709  __TI_decompress_lzss             
20010771  UARTCC32XX_writeCancel           
200107d9  GPIO_toggle                      
2001083d  PowerCC32XX_setParkState         
200108a1  UARTCC32XX_writePolling          
20010903  clkFxn                           
20010905  PRCMSysResetCauseGet             
20010965  GPIO_setCallback                 
200109c1  frexp                            
200109c1  frexpl                           
20010a79  GPIO_write                       
20010ad1  PRCMPeripheralReset              
20010b29  Power_releaseDependency          
20010bd7  __TI_ltoa                        
20010c2d  initTimer                        
20010cd5  PowerCC32XX_resumeLPDS           
20010dcd  ClockP_doTick                    
20010dcd  ClockP_sysTickHandler            
20010e1d  SemaphoreP_construct             
20010e6d  TimerCC32XX_allocateTimerResource
20010ebd  GPIO_enableInt                   
20010f55  PowerCC32XX_parkPin              
20010fa1  atoi                             
20011039  snprintf                         
20011085  FlashDisable                     
200110cd  PRCMLPDSEnter                    
20011115  PRCMPeripheralClkEnable          
2001115d  Power_releaseConstraint          
200111a5  __aeabi_d2iz                     
200111ed  RingBuf_put                      
20011279  ClockP_stop                      
200112bd  PRCMLPDSRestoreInfoSet           
20011301  PowerCC32XX_enterLPDS            
20011345  SemaphoreP_post                  
20011389  SwiP_restore                     
200113cd  Timer_start                      
20011411  UART_init                        
20011455  __TI_auto_init_nobinit_nopinit   
20011499  initUART                         
200114dd  ClockP_construct                 
2001151d  PinModeSet                       
2001155d  RingBuf_get                      
2001159d  TimerSupport_timerEnable         
200115dd  Timer_close                      
2001161d  UARTCC32XX_read                  
2001165d  UART_open                        
200116dd  ClockP_destruct                  
20011719  Power_setConstraint              
2001178f  __aeabi_idiv0                    
2001178f  __aeabi_ldiv0                    
20011791  PRCMLPDSEnterKeepDebugIf         
20011801  initVectors                      
20011871  __aeabi_f2iz                     
200118a9  __aeabi_i2f                      
200118e1  TimerControlStall                
20011917  Timer_stop                       
2001194d  UARTCC32XX_readCancel            
20011985  ClockP_getTicksUntilInterrupt    
200119b9  ClockP_startup                   
200119ed  PinModeGet                       
20011a21  PowerCC32XX_restoreParkState     
20011a55  TimerCC32XX_freeTimerResource    
20011af1  ClockP_start                     
20011b21  PowerCC32XX_restoreParkedPin     
20011b81  __aeabi_i2d                      
20011bb1  PowerCC32XX_getParkState         
20011bdd  HwiP_create                      
20011c07  TimerLoadSet                     
20011c31  TimerPrescaleSet                 
20011c5b  I2CFIFODataPutNonBlocking        
20011c85  PRCMPeripheralClkDisable         
20011cad  Power_registerNotify             
20011cfd  I2CFIFODataGetNonBlocking        
20011d23  I2C_cancel                       
20011d49  List_put                         
20011d6f  List_remove                      
20011d95  HwiP_dispatch                    
20011db9  PowerCC32XX_reset                
20011ddd  TimerSupport_timerDisable        
20011e01  _c_int00_noargs                  
20011e25  I2CMasterSlaveAddrSet            
20011e47  HwiP_destruct                    
20011e69  Power_unregisterNotify           
20011e89  RingBuf_peek                     
20011ec9  I2CMasterIntStatusEx             
20011ee7  SemaphoreP_constructBinary       
20011f05  TimerDisable                     
20011f23  TimerEnable                      
20011f41  PinToPadGet                      
20011f5d  SwiP_disable                     
20011f95  memccpy                          
20011fb1  ClockP_create                    
20011fcb  SemaphoreP_createBinary          
20011fe5  resetISR                         
20011ff8  resetVectorAddr                  
20011fff  I2CMasterBusBusy                 
20012017  I2CMasterIntDisableEx            
2001202f  I2CMasterIntEnableEx             
20012047  I2CRxFIFOFlush                   
2001205f  I2CTxFIFOFlush                   
20012079  Power_getTransitionLatency       
20012091  Power_idleFunc                   
200120a9  TimerIntDisable                  
200120c1  TimerIntEnable                   
200120d9  UARTBusy                         
200120f1  UARTIntEnable                    
20012109  UART_Params_init                 
20012139  __aeabi_lmul                     
20012151  timerCallback                    
20012169  I2CMasterBurstLengthSet          
2001217f  PRCMHIBRegRead                   
20012195  PRCMHIBRegWrite                  
200121ab  SemaphoreP_create                
200121c1  strchr                           
200121d7  CPUcpsid                         
200121ed  HwiP_inISR                       
20012201  I2CSupport_masterFinish          
20012215  I2C_transfer                     
20012229  IntVTableBaseSet                 
2001223d  Power_disablePolicy              
20012251  Power_getDependencyCount         
20012279  strlen                           
2001228d  HwiP_Params_init                 
2001229f  I2CMasterIntClearEx              
200122b1  RingBuf_construct                
200122c3  TimerIntClear                    
200122d5  main                             
200122e7  wcslen                           
200122f9  Board_init                       
20012309  ClockP_add                       
20012319  ClockP_delete                    
20012329  ClockP_getCpuFreq                
20012339  ClockP_getSystemTicks            
20012349  ClockP_setTicks                  
20012359  HwiP_delete                      
20012369  HwiP_restore                     
20012379  I2CFIFOStatus                    
20012389  I2C_Params_init                  
20012399  Power_enablePolicy               
200123a9  SemaphoreP_Params_init           
200123b9  Timer_Params_init                
200123d9  HwiP_clearInterrupt              
200123e7  HwiP_disable                     
200123f5  HwiP_disableInterrupt            
20012403  HwiP_enable                      
20012403  NoRTOS_start                     
20012411  HwiP_enableInterrupt             
2001242d  RingBuf_isFull                   
2001243b  __TI_decompress_none             
20012449  gpioButtonFxn0                   
20012465  Power_getConstraintMask          
20012471  copysign                         
20012471  copysignl                        
2001247d  __TI_zero_init                   
20012489  gpioButtonFxn1                   
200124ad  ClockP_Params_init               
200124b7  ClockP_isActive                  
200124c1  IntMasterDisable                 
200124cb  UART_write                       
200124dd  __aeabi_errno_addr               
200124e5  malloc                           
200124fd  I2CSupport_powerRelConstraint    
20012503  I2CSupport_powerSetConstraint    
20012509  UtilsDelay                       
2001250f  ClockP_setTimeout                
20012513  HwiP_post                        
20012517  SemaphoreP_delete                
2001251b  _system_pre_init                 
2001251f  C$$EXIT                          
2001251f  abort                            
20012830  PowerCC32XX_module               
2001299c  parkInfo                         
20012a94  gpioCallbackFunctions            
20012aa0  gpioPinConfigs                   
20012ab8  _lock                            
20012abc  _unlock                          
20012ac8  SemaphoreP_defaultParams         
20012ad0  HwiP_key                         
20012ad4  HwiP_swiPIntNum                  
20012ad8  TimerFlag                        
20012ada  R_Button_Flag                    
20012adc  L_Button_Flag                    
20012ae0  ClockP_tickPeriod                
20012ae8  errno                            
20012aec  _ctypes_                         
20012d98  PowerCC32XX_config               
20012ddc  UARTCC32XX_fxnTable              
20012e04  UART_defaultParams               
20012ed8  GPIOCC32XX_config                
20012f00  i2cCC32XXHWAttrs                 
20012f3c  I2C_defaultParams                
20012f6c  timerCC32XXHWAttrs               
20012f88  UART_config                      
20012fac  CONFIG_GPIO_BUTTON_0_CONST       
20012fad  CONFIG_GPIO_BUTTON_1_CONST       
20012fae  CONFIG_GPIO_LED_0_CONST          
20012faf  CONFIG_I2C_0_CONST               
20012fb0  I2C_count                        
20012fb1  CONFIG_TIMER_0_CONST             
20012fb2  Timer_count                      
20012fb3  CONFIG_UART_0_CONST              
20012fb4  UART_count                       
20012fb8  I2C_config                       
20012fc0  Timer_config                     
20012fc8  outPinTypes                      
20012fde  inPinTypes                       
20012fe4  outPinStrengths                  
20012ff0  PowerCC32XX_contextSave          
2001311c  i2cCC32XXObjects                 
20013218  timerCC32XXObjects               
2001329c  uartCC32XXObjects0               
20013320  output                           
200133a0  i2cTransaction                   
200133d8  ClockP_ctrl                      
20013400  i2c                              
20013404  rxBuffer                         
20013408  timer0                           
2001340c  txBuffer                         
20013410  uart                             
20013418  __TI_static_base__               
200134e4  __TI_Handler_Table_Base          
200134f0  __TI_Handler_Table_Limit         
200134f8  __TI_CINIT_Base                  
20013508  __TI_CINIT_Limit                 
ffffffff  __TI_pprof_out_hndl              
ffffffff  __TI_prof_data_size              
ffffffff  __TI_prof_data_start             
ffffffff  __binit__                        
ffffffff  __c_args__                       
ffffffff  binit                            
UNDEFED   ITM_flush                        
UNDEFED   ITM_restore                      
UNDEFED   __mpu_init                       
UNDEFED   _system_post_cinit               

[303 symbols]
